Component: ARM Compiler 5.06 update 5 (build 528) Tool: armlink [4d35e2]

==============================================================================

Section Cross References

    main.o(i.ChangeBLE_AdvName) refers to strcpy.o(.text) for strcpy
    main.o(i.ChangeBLE_AdvName) refers to memseta.o(.text) for __aeabi_memclr
    main.o(i.ChangeBLE_AdvName) refers to printf2.o(i.__0sprintf$2) for __2sprintf
    main.o(i.ChangeBLE_AdvName) refers to main.o(i.advertising_init) for advertising_init
    main.o(i.ChangeBLE_AdvName) refers to main.o(.data) for DeviceName
    main.o(i.UartPrint) refers to app_uart_fifo.o(i.app_uart_put) for app_uart_put
    main.o(i.advertising_init) refers to strlen.o(.text) for strlen
    main.o(i.advertising_init) refers to memseta.o(.text) for __aeabi_memclr4
    main.o(i.advertising_init) refers to ble_advdata.o(i.ble_advdata_set) for ble_advdata_set
    main.o(i.advertising_init) refers to app_error.o(i.app_error_handler) for app_error_handler
    main.o(i.advertising_init) refers to main.o(.data) for DeviceName
    main.o(i.advertising_init) refers to main.o(.constdata) for .constdata
    main.o(i.advertising_init) refers to main.o(.bss) for m_nus
    main.o(i.advertising_start) refers to memseta.o(.text) for __aeabi_memclr4
    main.o(i.advertising_start) refers to app_error.o(i.app_error_handler) for app_error_handler
    main.o(i.advertising_start) refers to bsp.o(i.bsp_indication_set) for bsp_indication_set
    main.o(i.assert_nrf_callback) refers to app_error.o(i.app_error_handler) for app_error_handler
    main.o(i.bleAdvHandler) refers to strncmp.o(.text) for strncmp
    main.o(i.bleAdvHandler) refers to strtok.o(.text) for strtok
    main.o(i.bleAdvHandler) refers to strcmp.o(.text) for strcmp
    main.o(i.bleAdvHandler) refers to strcpy.o(.text) for strcpy
    main.o(i.bleAdvHandler) refers to main.o(i.ChangeBLE_AdvName) for ChangeBLE_AdvName
    main.o(i.bleAdvHandler) refers to main.o(.data) for DeviceSN
    main.o(i.ble_evt_dispatch) refers to ble_conn_params.o(i.ble_conn_params_on_ble_evt) for ble_conn_params_on_ble_evt
    main.o(i.ble_evt_dispatch) refers to ble_nus.o(i.ble_nus_on_ble_evt) for ble_nus_on_ble_evt
    main.o(i.ble_evt_dispatch) refers to main.o(i.on_ble_evt) for on_ble_evt
    main.o(i.ble_evt_dispatch) refers to main.o(.bss) for m_nus
    main.o(i.ble_stack_init) refers to softdevice_handler.o(i.softdevice_handler_init) for softdevice_handler_init
    main.o(i.ble_stack_init) refers to app_error.o(i.app_error_handler) for app_error_handler
    main.o(i.ble_stack_init) refers to softdevice_handler.o(i.softdevice_ble_evt_handler_set) for softdevice_ble_evt_handler_set
    main.o(i.ble_stack_init) refers to main.o(.bss) for BLE_EVT_BUFFER
    main.o(i.ble_stack_init) refers to main.o(i.ble_evt_dispatch) for ble_evt_dispatch
    main.o(i.conn_params_error_handler) refers to app_error.o(i.app_error_handler) for app_error_handler
    main.o(i.conn_params_init) refers to memseta.o(.text) for __aeabi_memclr4
    main.o(i.conn_params_init) refers to ble_conn_params.o(i.ble_conn_params_init) for ble_conn_params_init
    main.o(i.conn_params_init) refers to app_error.o(i.app_error_handler) for app_error_handler
    main.o(i.conn_params_init) refers to main.o(i.on_conn_params_evt) for on_conn_params_evt
    main.o(i.conn_params_init) refers to main.o(i.conn_params_error_handler) for conn_params_error_handler
    main.o(i.gap_params_init) refers to strlen.o(.text) for strlen
    main.o(i.gap_params_init) refers to app_error.o(i.app_error_handler) for app_error_handler
    main.o(i.gap_params_init) refers to main.o(.data) for DeviceName
    main.o(i.main) refers to app_timer.o(i.app_timer_init) for app_timer_init
    main.o(i.main) refers to app_error.o(i.app_error_handler) for app_error_handler
    main.o(i.main) refers to app_gpiote.o(i.app_gpiote_init) for app_gpiote_init
    main.o(i.main) refers to main.o(i.ble_stack_init) for ble_stack_init
    main.o(i.main) refers to main.o(i.uart_init) for uart_init
    main.o(i.main) refers to bsp.o(i.bsp_init) for bsp_init
    main.o(i.main) refers to bsp.o(i.bsp_buttons_enable) for bsp_buttons_enable
    main.o(i.main) refers to main.o(i.gap_params_init) for gap_params_init
    main.o(i.main) refers to main.o(i.services_init) for services_init
    main.o(i.main) refers to main.o(i.advertising_init) for advertising_init
    main.o(i.main) refers to main.o(i.conn_params_init) for conn_params_init
    main.o(i.main) refers to main.o(i.sec_params_init) for sec_params_init
    main.o(i.main) refers to main.o(i.advertising_start) for advertising_start
    main.o(i.main) refers to main.o(i.power_manage) for power_manage
    main.o(i.main) refers to main.o(.bss) for APP_TIMER_BUF
    main.o(i.nus_data_handler) refers to app_uart_fifo.o(i.app_uart_put) for app_uart_put
    main.o(i.on_ble_evt) refers to bsp.o(i.bsp_indication_set) for bsp_indication_set
[...]
    printfa.o(i.__0vprintf) refers to retarget.o(.data) for __stdout
    printfa.o(i.__0vsnprintf) refers (Special) to iusefp.o(.text) for __I$use$fp
    printfa.o(i.__0vsnprintf) refers to printfa.o(i._printf_core) for _printf_core
    printfa.o(i.__0vsnprintf) refers to printfa.o(i._snputc) for _snputc
    printfa.o(i.__0vsprintf) refers (Special) to iusefp.o(.text) for __I$use$fp
    printfa.o(i.__0vsprintf) refers to printfa.o(i._printf_core) for _printf_core
    printfa.o(i.__0vsprintf) refers to printfa.o(i._sputc) for _sputc
    printfa.o(i._fp_digits) refers (Special) to iusefp.o(.text) for __I$use$fp
    printfa.o(i._fp_digits) refers to dmul.o(.text) for __aeabi_dmul
    printfa.o(i._fp_digits) refers to ddiv.o(.text) for __aeabi_ddiv
    printfa.o(i._fp_digits) refers to cdrcmple.o(.text) for __aeabi_cdrcmple
    printfa.o(i._fp_digits) refers to dadd.o(.text) for __aeabi_dadd
    printfa.o(i._fp_digits) refers to dfixul.o(.text) for __aeabi_d2ulz
    printfa.o(i._fp_digits) refers to uldiv.o(.text) for __aeabi_uldivmod
    printfa.o(i._printf_core) refers (Special) to iusefp.o(.text) for __I$use$fp
    printfa.o(i._printf_core) refers to printfa.o(i._printf_pre_padding) for _printf_pre_padding
    printfa.o(i._printf_core) refers to uldiv.o(.text) for __aeabi_uldivmod
    printfa.o(i._printf_core) refers to printfa.o(i._printf_post_padding) for _printf_post_padding
    printfa.o(i._printf_core) refers to printfa.o(i._fp_digits) for _fp_digits
    printfa.o(i._printf_core) refers to uidiv.o(.text) for __aeabi_uidivmod
    printfa.o(i._printf_post_padding) refers (Special) to iusefp.o(.text) for __I$use$fp
    printfa.o(i._printf_pre_padding) refers (Special) to iusefp.o(.text) for __I$use$fp
    printfa.o(i._snputc) refers (Special) to iusefp.o(.text) for __I$use$fp
    printfa.o(i._sputc) refers (Special) to iusefp.o(.text) for __I$use$fp
    entry2.o(.ARM.Collect$$$$00000001) refers to entry2.o(.ARM.Collect$$$$00002712) for __lit__00000000
    entry2.o(.ARM.Collect$$$$00002712) refers to arm_startup_nrf51.o(STACK) for __initial_sp
    entry2.o(__vectab_stack_and_reset_area) refers to arm_startup_nrf51.o(STACK) for __initial_sp
    entry2.o(__vectab_stack_and_reset_area) refers to entry.o(.ARM.Collect$$$$00000000) for __main
    entry5.o(.ARM.Collect$$$$00000004) refers to init.o(.text) for __scatterload
    entry9a.o(.ARM.Collect$$$$0000000B) refers to main.o(i.main) for main
    entry9b.o(.ARM.Collect$$$$0000000C) refers to main.o(i.main) for main
    uldiv.o(.text) refers to llushr.o(.text) for __aeabi_llsr
    uldiv.o(.text) refers to llshl.o(.text) for __aeabi_llsl
    dadd.o(.text) refers to llshl.o(.text) for __aeabi_llsl
    dadd.o(.text) refers to llsshr.o(.text) for __aeabi_lasr
    dadd.o(.text) refers to depilogue.o(.text) for _double_epilogue
    dmul.o(.text) refers to depilogue.o(.text) for _double_epilogue
    ddiv.o(.text) refers to depilogue.o(.text) for _double_round
    dfixul.o(.text) refers to llushr.o(.text) for __aeabi_llsr
    dfixul.o(.text) refers to llshl.o(.text) for __aeabi_llsl
    init.o(.text) refers to entry5.o(.ARM.Collect$$$$00000004) for __main_after_scatterload
    depilogue.o(.text) refers to depilogue.o(i.__ARM_clz) for __ARM_clz
    depilogue.o(.text) refers to llshl.o(.text) for __aeabi_llsl
    depilogue.o(.text) refers to llushr.o(.text) for __aeabi_llsr


==============================================================================

Removing Unused input sections from the image.

    Removing main.o(.rev16_text), (4 bytes).
    Removing main.o(.revsh_text), (4 bytes).
    Removing main.o(i.UartPrint), (28 bytes).
    Removing main.o(i.assert_nrf_callback), (24 bytes).
    Removing bsp.o(.rev16_text), (4 bytes).
    Removing bsp.o(.revsh_text), (4 bytes).
    Removing bsp.o(i.bsp_button_is_pressed), (56 bytes).
    Removing bsp.o(i.bsp_buttons_state_get), (64 bytes).
    Removing bsp.o(i.bsp_indication_text_set), (18 bytes).
    Removing arm_startup_nrf51.o(HEAP), (2048 bytes).
    Removing system_nrf51.o(.rev16_text), (4 bytes).
    Removing system_nrf51.o(.revsh_text), (4 bytes).
    Removing system_nrf51.o(i.SystemCoreClockUpdate), (16 bytes).
    Removing ble_conn_params.o(i.ble_conn_params_change_conn_params), (112 bytes).
    Removing ble_conn_params.o(i.ble_conn_params_stop), (16 bytes).
    Removing ble_dfu.o(i.ble_dfu_bytes_rcvd_report), (168 bytes).
    Removing ble_dfu.o(i.ble_dfu_init), (176 bytes).
    Removing ble_dfu.o(i.ble_dfu_on_ble_evt), (90 bytes).
    Removing ble_dfu.o(i.ble_dfu_pkts_rcpt_notify), (136 bytes).
    Removing ble_dfu.o(i.ble_dfu_response_send), (140 bytes).
    Removing ble_dfu.o(i.dfu_ctrl_pt_add), (224 bytes).
    Removing ble_dfu.o(i.dfu_pkt_char_add), (212 bytes).
    Removing ble_dfu.o(i.dfu_rev_char_add), (216 bytes).
    Removing ble_dfu.o(i.is_cccd_configured), (72 bytes).
    Removing ble_dfu.o(i.on_connect), (6 bytes).
    Removing ble_dfu.o(i.on_ctrl_pt_write), (334 bytes).
    Removing ble_dfu.o(i.on_disconnect), (8 bytes).
    Removing ble_dfu.o(i.on_rw_authorize_req), (70 bytes).
    Removing ble_dfu.o(i.on_write), (42 bytes).
    Removing ble_dfu.o(i.uint16_decode), (12 bytes).
    Removing ble_dfu.o(i.uint32_encode), (32 bytes).
    Removing ble_dfu.o(.constdata), (16 bytes).
    Removing ble_dfu.o(.data), (8 bytes).
    Removing ble_srv_common.o(i.ble_srv_ascii_to_utf8), (18 bytes).
    Removing ble_srv_common.o(i.ble_srv_report_ref_encode), (62 bytes).
    Removing app_uart_fifo.o(.rev16_text), (4 bytes).
    Removing app_uart_fifo.o(.revsh_text), (4 bytes).
    Removing app_uart_fifo.o(i.app_uart_close), (56 bytes).
    Removing app_uart_fifo.o(i.app_uart_flush), (48 bytes).
    Removing app_uart_fifo.o(i.app_uart_get_connection_state), (28 bytes).
    Removing nrf_delay.o(.rev16_text), (4 bytes).
    Removing nrf_delay.o(.revsh_text), (4 bytes).
    Removing nrf_delay.o(.emb_text), (30 bytes).
    Removing nrf_delay.o(i.nrf_delay_ms), (28 bytes).
    Removing nrf_drv_common.o(.rev16_text), (4 bytes).
    Removing nrf_drv_common.o(.revsh_text), (4 bytes).
    Removing nrf_drv_common.o(i.__NVIC_SetPriority), (120 bytes).
    Removing nrf_drv_common.o(i.nrf_drv_common_irq_enable), (64 bytes).
    Removing app_button.o(.rev16_text), (4 bytes).
    Removing app_button.o(.revsh_text), (4 bytes).
    Removing app_button.o(i.app_button_disable), (56 bytes).
    Removing app_button.o(i.app_button_is_pushed), (136 bytes).
    Removing app_error.o(.rev16_text), (4 bytes).
    Removing app_error.o(.revsh_text), (4 bytes).
    Removing app_fifo.o(i.app_fifo_flush), (10 bytes).
    Removing app_gpiote.o(.rev16_text), (4 bytes).
    Removing app_gpiote.o(.revsh_text), (4 bytes).
    Removing app_gpiote.o(i.app_gpiote_user_disable), (84 bytes).
    Removing app_timer.o(.rev16_text), (4 bytes).
    Removing app_timer.o(.revsh_text), (4 bytes).
    Removing app_timer.o(i.app_timer_cnt_diff_compute), (22 bytes).
    Removing app_timer.o(i.app_timer_cnt_get), (14 bytes).
    Removing app_timer.o(i.app_timer_stop_all), (32 bytes).
    Removing app_timer.o(i.timer_stop_all_op_schedule), (64 bytes).
    Removing retarget.o(.rev16_text), (4 bytes).
    Removing retarget.o(.revsh_text), (4 bytes).
    Removing retarget.o(i.fgetc), (22 bytes).
    Removing retarget.o(i.fputc), (16 bytes).
    Removing retarget.o(.data), (8 bytes).
    Removing softdevice_handler.o(.rev16_text), (4 bytes).
    Removing softdevice_handler.o(.revsh_text), (4 bytes).
    Removing softdevice_handler.o(i.softdevice_handler_sd_disable), (28 bytes).
    Removing softdevice_handler.o(i.softdevice_sys_evt_handler_set), (24 bytes).
    Removing dadd.o(.text), (356 bytes).
    Removing dmul.o(.text), (208 bytes).
    Removing ddiv.o(.text), (240 bytes).
    Removing dfixul.o(.text), (64 bytes).
    Removing cdrcmple.o(.text), (40 bytes).
    Removing depilogue.o(.text), (190 bytes).
    Removing depilogue.o(i.__ARM_clz), (46 bytes).

80 unused section(s) (total 6554 bytes) removed from the image.

==============================================================================

Image Symbol Table

    Local Symbols

    Symbol Name                              Value     Ov Type        Size  Object(Section)

    ../clib/microlib/division.c              0x00000000   Number         0  uldiv.o ABSOLUTE
    ../clib/microlib/division.c              0x00000000   Number         0  uidiv.o ABSOLUTE
    ../clib/microlib/init/entry.s            0x00000000   Number         0  entry2.o ABSOLUTE
    ../clib/microlib/init/entry.s            0x00000000   Number         0  entry9b.o ABSOLUTE
    ../clib/microlib/init/entry.s            0x00000000   Number         0  entry10b.o ABSOLUTE
    ../clib/microlib/init/entry.s            0x00000000   Number         0  entry10a.o ABSOLUTE
    ../clib/microlib/init/entry.s            0x00000000   Number         0  entry11a.o ABSOLUTE
    ../clib/microlib/init/entry.s            0x00000000   Number         0  entry8b.o ABSOLUTE
    ../clib/microlib/init/entry.s            0x00000000   Number         0  entry8a.o ABSOLUTE
    ../clib/microlib/init/entry.s            0x00000000   Number         0  entry.o ABSOLUTE
    ../clib/microlib/init/entry.s            0x00000000   Number         0  entry7b.o ABSOLUTE
    ../clib/microlib/init/entry.s            0x00000000   Number         0  entry7a.o ABSOLUTE
    ../clib/microlib/init/entry.s            0x00000000   Number         0  entry11b.o ABSOLUTE
    ../clib/microlib/init/entry.s            0x00000000   Number         0  entry5.o ABSOLUTE
    ../clib/microlib/init/entry.s            0x00000000   Number         0  entry9a.o ABSOLUTE
    ../clib/microlib/longlong.c              0x00000000   Number         0  llshl.o ABSOLUTE
    ../clib/microlib/longlong.c              0x00000000   Number         0  llushr.o ABSOLUTE
    ../clib/microlib/longlong.c              0x00000000   Number         0  llsshr.o ABSOLUTE
    ../clib/microlib/printf/printf.c         0x00000000   Number         0  printfa.o ABSOLUTE
    ../clib/microlib/printf/printf.c         0x00000000   Number         0  printf8.o ABSOLUTE
    ../clib/microlib/printf/printf.c         0x00000000   Number         0  printf7.o ABSOLUTE
    ../clib/microlib/printf/printf.c         0x00000000   Number         0  printf3.o ABSOLUTE
    ../clib/microlib/printf/printf.c         0x00000000   Number         0  printf2.o ABSOLUTE
    ../clib/microlib/printf/printf.c         0x00000000   Number         0  printf1.o ABSOLUTE
    ../clib/microlib/printf/printf.c         0x00000000   Number         0  printfb.o ABSOLUTE
    ../clib/microlib/printf/printf.c         0x00000000   Number         0  printf6.o ABSOLUTE
    ../clib/microlib/printf/printf.c         0x00000000   Number         0  printf0.o ABSOLUTE
    ../clib/microlib/printf/printf.c         0x00000000   Number         0  printf5.o ABSOLUTE
    ../clib/microlib/printf/printf.c         0x00000000   Number         0  printf4.o ABSOLUTE
    ../clib/microlib/printf/stubs.s          0x00000000   Number         0  stubs.o ABSOLUTE
    ../clib/microlib/string/memcpy.c         0x00000000   Number         0  memcpyb.o ABSOLUTE
    ../clib/microlib/string/memcpy.c         0x00000000   Number         0  memcpya.o ABSOLUTE
    ../clib/microlib/string/memset.c         0x00000000   Number         0  memseta.o ABSOLUTE
    ../clib/microlib/string/strcmp.c         0x00000000   Number         0  strcmp.o ABSOLUTE
    ../clib/microlib/string/strcpy.c         0x00000000   Number         0  strcpy.o ABSOLUTE
    ../clib/microlib/string/strlen.c         0x00000000   Number         0  strlen.o ABSOLUTE
    ../clib/microlib/string/strncmp.c        0x00000000   Number         0  strncmp.o ABSOLUTE
    ../clib/microlib/string/strtok.c         0x00000000   Number         0  strtok_r.o ABSOLUTE
    ../clib/microlib/string/strtok.c         0x00000000   Number         0  strtok.o ABSOLUTE
    ../clib/microlib/stubs.s                 0x00000000   Number         0  iusefp.o ABSOLUTE
    ../fplib/microlib/fpadd.c                0x00000000   Number         0  dadd.o ABSOLUTE
    ../fplib/microlib/fpdiv.c                0x00000000   Number         0  ddiv.o ABSOLUTE
    ../fplib/microlib/fpepilogue.c           0x00000000   Number         0  depilogue.o ABSOLUTE
    ../fplib/microlib/fpfix.c                0x00000000   Number         0  dfixul.o ABSOLUTE
    ../fplib/microlib/fpmul.c                0x00000000   Number         0  dmul.o ABSOLUTE
    ..\..\main.c                             0x00000000   Number         0  main.o ABSOLUTE
    ..\\..\\main.c                           0x00000000   Number         0  main.o ABSOLUTE
    C:\Keil_v5\ARM\PACK\NordicSemiconductor\nRF_BLE\2.0.0\ble_services\ble_dfu\ble_dfu.c 0x00000000   Number         0  ble_dfu.o ABSOLUTE
    C:\Keil_v5\ARM\PACK\NordicSemiconductor\nRF_BLE\2.0.0\ble_services\ble_nus\ble_nus.c 0x00000000   Number         0  ble_nus.o ABSOLUTE
    C:\Keil_v5\ARM\PACK\NordicSemiconductor\nRF_BLE\2.0.0\common\ble_srv_common.c 0x00000000   Number         0  ble_srv_common.o ABSOLUTE
    C:\Keil_v5\ARM\PACK\NordicSemiconductor\nRF_Drivers\2.0.0\common\nrf_drv_common.c 0x00000000   Number         0  nrf_drv_common.o ABSOLUTE
    C:\Keil_v5\ARM\PACK\NordicSemiconductor\nRF_Drivers\2.0.0\hal\nrf_delay.c 0x00000000   Number         0  nrf_delay.o ABSOLUTE
    C:\\Keil_v5\\ARM\\PACK\\NordicSemiconductor\\nRF_Drivers\\2.0.0\\common\\nrf_drv_common.c 0x00000000   Number         0  nrf_drv_common.o ABSOLUTE
    C:\\Keil_v5\\ARM\\PACK\\NordicSemiconductor\\nRF_Drivers\\2.0.0\\hal\\nrf_delay.c 0x00000000   Number         0  nrf_delay.o ABSOLUTE
    RTE\Board_Support\nRF51822_xxAB\bsp.c    0x00000000   Number         0  bsp.o ABSOLUTE
    RTE\Device\nRF51822_xxAB\arm_startup_nrf51.s 0x00000000   Number         0  arm_startup_nrf51.o ABSOLUTE
    RTE\Device\nRF51822_xxAB\system_nrf51.c  0x00000000   Number         0  system_nrf51.o ABSOLUTE
    RTE\\Board_Support\\nRF51822_xxAB\\bsp.c 0x00000000   Number         0  bsp.o ABSOLUTE
    RTE\\Device\\nRF51822_xxAB\\system_nrf51.c 0x00000000   Number         0  system_nrf51.o ABSOLUTE
    RTE\\nRF_Drivers\\nRF51822_xxAB\\app_uart_fifo.c 0x00000000   Number         0  app_uart_fifo.o ABSOLUTE
    RTE\\nRF_Libraries\\nRF51822_xxAB\\app_button.c 0x00000000   Number         0  app_button.o ABSOLUTE
    RTE\\nRF_Libraries\\nRF51822_xxAB\\app_error.c 0x00000000   Number         0  app_error.o ABSOLUTE
    RTE\\nRF_Libraries\\nRF51822_xxAB\\app_gpiote.c 0x00000000   Number         0  app_gpiote.o ABSOLUTE
    RTE\\nRF_Libraries\\nRF51822_xxAB\\app_timer.c 0x00000000   Number         0  app_timer.o ABSOLUTE
    RTE\\nRF_Libraries\\nRF51822_xxAB\\retarget.c 0x00000000   Number         0  retarget.o ABSOLUTE
    RTE\\nRF_SoftDevice\\nRF51822_xxAB\\softdevice_handler.c 0x00000000   Number         0  softdevice_handler.o ABSOLUTE
    RTE\nRF_BLE\nRF51822_xxAB\ble_advdata.c  0x00000000   Number         0  ble_advdata.o ABSOLUTE
    RTE\nRF_BLE\nRF51822_xxAB\ble_conn_params.c 0x00000000   Number         0  ble_conn_params.o ABSOLUTE
    RTE\nRF_Drivers\nRF51822_xxAB\app_uart_fifo.c 0x00000000   Number         0  app_uart_fifo.o ABSOLUTE
    RTE\nRF_Libraries\nRF51822_xxAB\app_button.c 0x00000000   Number         0  app_button.o ABSOLUTE
    RTE\nRF_Libraries\nRF51822_xxAB\app_error.c 0x00000000   Number         0  app_error.o ABSOLUTE
    RTE\nRF_Libraries\nRF51822_xxAB\app_fifo.c 0x00000000   Number         0  app_fifo.o ABSOLUTE
    RTE\nRF_Libraries\nRF51822_xxAB\app_gpiote.c 0x00000000   Number         0  app_gpiote.o ABSOLUTE
    RTE\nRF_Libraries\nRF51822_xxAB\app_timer.c 0x00000000   Number         0  app_timer.o ABSOLUTE
    RTE\nRF_Libraries\nRF51822_xxAB\nrf_assert.c 0x00000000   Number         0  nrf_assert.o ABSOLUTE
    RTE\nRF_Libraries\nRF51822_xxAB\retarget.c 0x00000000   Number         0  retarget.o ABSOLUTE
    RTE\nRF_SoftDevice\nRF51822_xxAB\softdevice_handler.c 0x00000000   Number         0  softdevice_handler.o ABSOLUTE
    cdrcmple.s                               0x00000000   Number         0  cdrcmple.o ABSOLUTE
    dc.s                                     0x00000000   Number         0  dc.o ABSOLUTE
    handlers.s                               0x00000000   Number         0  handlers.o ABSOLUTE
    init.s                                   0x00000000   Number         0  init.o ABSOLUTE
    RESET                                    0x00018000   Section      192  arm_startup_nrf51.o(RESET)
    .ARM.Collect$$$$00000000                 0x000180c0   Section        0  entry.o(.ARM.Collect$$$$00000000)
    .ARM.Collect$$$$00000001                 0x000180c0   Section        4  entry2.o(.ARM.Collect$$$$00000001)
    .ARM.Collect$$$$00000004                 0x000180c4   Section        4  entry5.o(.ARM.Collect$$$$00000004)
    .ARM.Collect$$$$00000008                 0x000180c8   Section        0  entry7b.o(.ARM.Collect$$$$00000008)
    .ARM.Collect$$$$0000000A                 0x000180c8   Section        0  entry8b.o(.ARM.Collect$$$$0000000A)
    .ARM.Collect$$$$0000000B                 0x000180c8   Section        8  entry9a.o(.ARM.Collect$$$$0000000B)
    .ARM.Collect$$$$0000000D                 0x000180d0   Section        0  entry10a.o(.ARM.Collect$$$$0000000D)
    .ARM.Collect$$$$0000000F                 0x000180d0   Section        0  entry11a.o(.ARM.Collect$$$$0000000F)
    .ARM.Collect$$$$00002712                 0x000180d0   Section        4  entry2.o(.ARM.Collect$$$$00002712)
    __lit__00000000                          0x000180d0   Data           4  entry2.o(.ARM.Collect$$$$00002712)
    .emb_text                                0x000180d4   Section       30  app_timer.o(.emb_text)
    .text                                    0x000180f4   Section       56  arm_startup_nrf51.o(.text)
    .text                                    0x0001812c   Section        0  uidiv.o(.text)
    .text                                    0x00018158   Section        0  memcpya.o(.text)
    .text                                    0x0001817c   Section        0  memseta.o(.text)
    .text                                    0x000181a0   Section        0  strlen.o(.text)
    .text                                    0x000181ae   Section        0  strcmp.o(.text)
    .text                                    0x000181ca   Section        0  strcpy.o(.text)
    .text                                    0x000181dc   Section        0  strncmp.o(.text)
    .text                                    0x000181fc   Section        0  strtok.o(.text)
    .text                                    0x00018244   Section       36  init.o(.text)
    i.ChangeBLE_AdvName                      0x00018268   Section        0  main.o(i.ChangeBLE_AdvName)
    ChangeBLE_AdvName                        0x00018269   Thumb Code    56  main.o(i.ChangeBLE_AdvName)
    i.GPIOTE_IRQHandler                      0x000182c4   Section        0  app_gpiote.o(i.GPIOTE_IRQHandler)
    i.RTC1_IRQHandler                        0x000183a0   Section        0  app_timer.o(i.RTC1_IRQHandler)
    i.SWI0_IRQHandler                        0x000183c8   Section        0  app_timer.o(i.SWI0_IRQHandler)
    i.SWI2_IRQHandler                        0x000183d0   Section        0  softdevice_handler.o(i.SWI2_IRQHandler)
    i.SystemInit                             0x00018408   Section        0  system_nrf51.o(i.SystemInit)
    i.UART0_IRQHandler                       0x0001846c   Section        0  app_uart_fifo.o(i.UART0_IRQHandler)
    i.__0sprintf$2                           0x0001850c   Section        0  printf2.o(i.__0sprintf$2)
    i.__ARM_common_switch8                   0x00018534   Section        0  bsp.o(i.__ARM_common_switch8)
    i.__NVIC_ClearPendingIRQ                 0x00018550   Section        0  app_timer.o(i.__NVIC_ClearPendingIRQ)
    __NVIC_ClearPendingIRQ                   0x00018551   Thumb Code    18  app_timer.o(i.__NVIC_ClearPendingIRQ)
    i.__NVIC_EnableIRQ                       0x00018568   Section        0  app_timer.o(i.__NVIC_EnableIRQ)
    __NVIC_EnableIRQ                         0x00018569   Thumb Code    18  app_timer.o(i.__NVIC_EnableIRQ)
    i.__NVIC_SetPendingIRQ                   0x00018580   Section        0  app_timer.o(i.__NVIC_SetPendingIRQ)
    __NVIC_SetPendingIRQ                     0x00018581   Thumb Code    18  app_timer.o(i.__NVIC_SetPendingIRQ)
    i.__NVIC_SetPriority                     0x00018598   Section        0  app_uart_fifo.o(i.__NVIC_SetPriority)
    __NVIC_SetPriority                       0x00018599   Thumb Code   110  app_uart_fifo.o(i.__NVIC_SetPriority)
    i.__NVIC_SetPriority                     0x00018610   Section        0  app_gpiote.o(i.__NVIC_SetPriority)
    __NVIC_SetPriority                       0x00018611   Thumb Code   110  app_gpiote.o(i.__NVIC_SetPriority)
    i.__NVIC_SetPriority                     0x00018688   Section        0  app_timer.o(i.__NVIC_SetPriority)
    __NVIC_SetPriority                       0x00018689   Thumb Code   110  app_timer.o(i.__NVIC_SetPriority)
    i.__scatterload_copy                     0x00018700   Section       14  handlers.o(i.__scatterload_copy)
    i.__scatterload_null                     0x0001870e   Section        2  handlers.o(i.__scatterload_null)
    i.__scatterload_zeroinit                 0x00018710   Section       14  handlers.o(i.__scatterload_zeroinit)
    i._printf_core                           0x0001871e   Section        0  printf2.o(i._printf_core)
    _printf_core                             0x0001871f   Thumb Code   210  printf2.o(i._printf_core)
    i._sputc                                 0x000187f0   Section        0  printf2.o(i._sputc)
    _sputc                                   0x000187f1   Thumb Code    10  printf2.o(i._sputc)
    i.action_tx_ready                        0x000187fc   Section        0  app_uart_fifo.o(i.action_tx_ready)
    action_tx_ready                          0x000187fd   Thumb Code    24  app_uart_fifo.o(i.action_tx_ready)
    i.action_tx_send                         0x00018818   Section        0  app_uart_fifo.o(i.action_tx_send)
    action_tx_send                           0x00018819   Thumb Code    64  app_uart_fifo.o(i.action_tx_send)
    i.action_tx_stop                         0x0001886c   Section        0  app_uart_fifo.o(i.action_tx_stop)
    i.action_uart_deactivate                 0x00018894   Section        0  app_uart_fifo.o(i.action_uart_deactivate)
    action_uart_deactivate                   0x00018895   Thumb Code    22  app_uart_fifo.o(i.action_uart_deactivate)
    i.adv_data_encode                        0x000188b8   Section        0  ble_advdata.o(i.adv_data_encode)
    adv_data_encode                          0x000188b9   Thumb Code   310  ble_advdata.o(i.adv_data_encode)
    i.advdata_check                          0x000189ee   Section        0  ble_advdata.o(i.advdata_check)
    advdata_check                            0x000189ef   Thumb Code    20  ble_advdata.o(i.advdata_check)
    i.advertising_init                       0x00018a04   Section        0  main.o(i.advertising_init)
    advertising_init                         0x00018a05   Thumb Code   132  main.o(i.advertising_init)
    i.advertising_start                      0x00018a94   Section        0  main.o(i.advertising_start)
    advertising_start                        0x00018a95   Thumb Code   100  main.o(i.advertising_start)
    i.alert_timer_handler                    0x00018af8   Section        0  bsp.o(i.alert_timer_handler)
    alert_timer_handler                      0x00018af9   Thumb Code    30  bsp.o(i.alert_timer_handler)
    i.app_button_enable                      0x00018b1c   Section        0  app_button.o(i.app_button_enable)
    i.app_button_init                        0x00018b3c   Section        0  app_button.o(i.app_button_init)
    i.app_error_handler                      0x00018bd4   Section        0  app_error.o(i.app_error_handler)
    i.app_fifo_get                           0x00018c0c   Section        0  app_fifo.o(i.app_fifo_get)
    i.app_fifo_init                          0x00018c36   Section        0  app_fifo.o(i.app_fifo_init)
    i.app_fifo_put                           0x00018c60   Section        0  app_fifo.o(i.app_fifo_put)
    i.app_gpiote_init                        0x00018c8c   Section        0  app_gpiote.o(i.app_gpiote_init)
    i.app_gpiote_pins_state_get              0x00018d30   Section        0  app_gpiote.o(i.app_gpiote_pins_state_get)
    i.app_gpiote_user_enable                 0x00018d70   Section        0  app_gpiote.o(i.app_gpiote_user_enable)
    i.app_gpiote_user_register               0x00018e6c   Section        0  app_gpiote.o(i.app_gpiote_user_register)
    i.app_timer_create                       0x00018f04   Section        0  app_timer.o(i.app_timer_create)
    i.app_timer_init                         0x00018f78   Section        0  app_timer.o(i.app_timer_init)
    i.app_timer_start                        0x00019068   Section        0  app_timer.o(i.app_timer_start)
    i.app_timer_stop                         0x000190d4   Section        0  app_timer.o(i.app_timer_stop)
    i.app_uart_get                           0x00019118   Section        0  app_uart_fifo.o(i.app_uart_get)
    i.app_uart_init                          0x0001912c   Section        0  app_uart_fifo.o(i.app_uart_init)
    i.app_uart_put                           0x00019374   Section        0  app_uart_fifo.o(i.app_uart_put)
    i.appearance_encode                      0x00019390   Section        0  ble_advdata.o(i.appearance_encode)
    appearance_encode                        0x00019391   Thumb Code    74  ble_advdata.o(i.appearance_encode)
    i.bleAdvHandler                          0x000193dc   Section        0  main.o(i.bleAdvHandler)
    i.ble_advdata_set                        0x00019474   Section        0  ble_advdata.o(i.ble_advdata_set)
    i.ble_conn_params_init                   0x000194f0   Section        0  ble_conn_params.o(i.ble_conn_params_init)
    i.ble_conn_params_on_ble_evt             0x00019568   Section        0  ble_conn_params.o(i.ble_conn_params_on_ble_evt)
    i.ble_evt_dispatch                       0x000195a8   Section        0  main.o(i.ble_evt_dispatch)
    ble_evt_dispatch                         0x000195a9   Thumb Code    26  main.o(i.ble_evt_dispatch)
    i.ble_nus_init                           0x000195c8   Section        0  ble_nus.o(i.ble_nus_init)
    i.ble_nus_on_ble_evt                     0x0001964c   Section        0  ble_nus.o(i.ble_nus_on_ble_evt)
    i.ble_nus_string_send                    0x00019694   Section        0  ble_nus.o(i.ble_nus_string_send)
    i.ble_stack_init                         0x000196ec   Section        0  main.o(i.ble_stack_init)
    ble_stack_init                           0x000196ed   Thumb Code   118  main.o(i.ble_stack_init)
    i.bsp_button_event_handler               0x0001976c   Section        0  bsp.o(i.bsp_button_event_handler)
    bsp_button_event_handler                 0x0001976d   Thumb Code    62  bsp.o(i.bsp_button_event_handler)
    i.bsp_buttons_enable                     0x000197b8   Section        0  bsp.o(i.bsp_buttons_enable)
    i.bsp_event_to_button_assign             0x00019864   Section        0  bsp.o(i.bsp_event_to_button_assign)
    i.bsp_indication_set                     0x0001987c   Section        0  bsp.o(i.bsp_indication_set)
    i.bsp_init                               0x000198a0   Section        0  bsp.o(i.bsp_init)
    i.bsp_led_indication                     0x0001995c   Section        0  bsp.o(i.bsp_led_indication)
    bsp_led_indication                       0x0001995d   Thumb Code  1194  bsp.o(i.bsp_led_indication)
    i.button_handler_execute                 0x00019e1c   Section        0  app_button.o(i.button_handler_execute)
    button_handler_execute                   0x00019e1d   Thumb Code    32  app_button.o(i.button_handler_execute)
    i.compare_reg_update                     0x00019e3c   Section        0  app_timer.o(i.compare_reg_update)
    compare_reg_update                       0x00019e3d   Thumb Code   124  app_timer.o(i.compare_reg_update)
    i.conn_int_check                         0x00019ecc   Section        0  ble_advdata.o(i.conn_int_check)
    conn_int_check                           0x00019ecd   Thumb Code    88  ble_advdata.o(i.conn_int_check)
    i.conn_int_encode                        0x00019f28   Section        0  ble_advdata.o(i.conn_int_encode)
    conn_int_encode                          0x00019f29   Thumb Code    92  ble_advdata.o(i.conn_int_encode)
    i.conn_params_error_handler              0x00019f84   Section        0  main.o(i.conn_params_error_handler)
    conn_params_error_handler                0x00019f85   Thumb Code    20  main.o(i.conn_params_error_handler)
    i.conn_params_init                       0x00019f98   Section        0  main.o(i.conn_params_init)
    conn_params_init                         0x00019f99   Thumb Code    84  main.o(i.conn_params_init)
    i.conn_params_negotiation                0x00019ff4   Section        0  ble_conn_params.o(i.conn_params_negotiation)
    conn_params_negotiation                  0x00019ff5   Thumb Code   126  ble_conn_params.o(i.conn_params_negotiation)
    i.current_int_priority_get               0x0001a088   Section        0  app_timer.o(i.current_int_priority_get)
    current_int_priority_get                 0x0001a089   Thumb Code    84  app_timer.o(i.current_int_priority_get)
    i.detection_delay_timeout_handler        0x0001a0e4   Section        0  app_button.o(i.detection_delay_timeout_handler)
    detection_delay_timeout_handler          0x0001a0e5   Thumb Code   144  app_button.o(i.detection_delay_timeout_handler)
    i.elapsed_ticks_acquire                  0x0001a184   Section        0  app_timer.o(i.elapsed_ticks_acquire)
    elapsed_ticks_acquire                    0x0001a185   Thumb Code    82  app_timer.o(i.elapsed_ticks_acquire)
    i.expired_timers_handler                 0x0001a1e8   Section        0  app_timer.o(i.expired_timers_handler)
    expired_timers_handler                   0x0001a1e9   Thumb Code   100  app_timer.o(i.expired_timers_handler)
    i.fifo_length                            0x0001a254   Section        0  app_uart_fifo.o(i.fifo_length)
    fifo_length                              0x0001a255   Thumb Code    10  app_uart_fifo.o(i.fifo_length)
    i.fifo_length                            0x0001a25e   Section        0  app_fifo.o(i.fifo_length)
    fifo_length                              0x0001a25f   Thumb Code    10  app_fifo.o(i.fifo_length)
    i.gap_params_init                        0x0001a268   Section        0  main.o(i.gap_params_init)
    gap_params_init                          0x0001a269   Thumb Code   130  main.o(i.gap_params_init)
    i.gpiote_event_handler                   0x0001a2f0   Section        0  app_button.o(i.gpiote_event_handler)
    gpiote_event_handler                     0x0001a2f1   Thumb Code    52  app_button.o(i.gpiote_event_handler)
    i.gpiote_uart_event_handler              0x0001a330   Section        0  app_uart_fifo.o(i.gpiote_uart_event_handler)
    gpiote_uart_event_handler                0x0001a331   Thumb Code    90  app_uart_fifo.o(i.gpiote_uart_event_handler)
    i.intern_softdevice_events_execute       0x0001a394   Section        0  softdevice_handler.o(i.intern_softdevice_events_execute)
    i.is_conn_params_ok                      0x0001a450   Section        0  ble_conn_params.o(i.is_conn_params_ok)
    is_conn_params_ok                        0x0001a451   Thumb Code    30  ble_conn_params.o(i.is_conn_params_ok)
    i.is_disabled_in_debug_needed            0x0001a474   Section        0  system_nrf51.o(i.is_disabled_in_debug_needed)
    is_disabled_in_debug_needed              0x0001a475   Thumb Code    52  system_nrf51.o(i.is_disabled_in_debug_needed)
    i.is_manual_peripheral_setup_needed      0x0001a4ac   Section        0  system_nrf51.o(i.is_manual_peripheral_setup_needed)
    is_manual_peripheral_setup_needed        0x0001a4ad   Thumb Code   104  system_nrf51.o(i.is_manual_peripheral_setup_needed)
    i.is_peripheral_domain_setup_needed      0x0001a518   Section        0  system_nrf51.o(i.is_peripheral_domain_setup_needed)
    is_peripheral_domain_setup_needed        0x0001a519   Thumb Code    78  system_nrf51.o(i.is_peripheral_domain_setup_needed)
    i.leds_timer_handler                     0x0001a56c   Section        0  bsp.o(i.leds_timer_handler)
    leds_timer_handler                       0x0001a56d   Thumb Code    26  bsp.o(i.leds_timer_handler)
    i.list_deletions_handler                 0x0001a590   Section        0  app_timer.o(i.list_deletions_handler)
    list_deletions_handler                   0x0001a591   Thumb Code   176  app_timer.o(i.list_deletions_handler)
    i.list_insertions_handler                0x0001a650   Section        0  app_timer.o(i.list_insertions_handler)
    list_insertions_handler                  0x0001a651   Thumb Code   276  app_timer.o(i.list_insertions_handler)
    i.main                                   0x0001a780   Section        0  main.o(i.main)
    i.manuf_specific_data_encode             0x0001a84c   Section        0  ble_advdata.o(i.manuf_specific_data_encode)
    manuf_specific_data_encode               0x0001a84d   Thumb Code   106  ble_advdata.o(i.manuf_specific_data_encode)
    i.name_encode                            0x0001a8b6   Section        0  ble_advdata.o(i.name_encode)
    name_encode                              0x0001a8b7   Thumb Code   150  ble_advdata.o(i.name_encode)
    i.nrf_gpio_cfg_output                    0x0001a94c   Section        0  app_uart_fifo.o(i.nrf_gpio_cfg_output)
    nrf_gpio_cfg_output                      0x0001a94d   Thumb Code    18  app_uart_fifo.o(i.nrf_gpio_cfg_output)
    i.nus_data_handler                       0x0001a95e   Section        0  main.o(i.nus_data_handler)
    nus_data_handler                         0x0001a95f   Thumb Code    44  main.o(i.nus_data_handler)
    i.on_ble_evt                             0x0001a98c   Section        0  main.o(i.on_ble_evt)
    on_ble_evt                               0x0001a98d   Thumb Code   412  main.o(i.on_ble_evt)
    i.on_conn_params_evt                     0x0001ab34   Section        0  main.o(i.on_conn_params_evt)
    on_conn_params_evt                       0x0001ab35   Thumb Code    46  main.o(i.on_conn_params_evt)
    i.on_conn_params_update                  0x0001ab68   Section        0  ble_conn_params.o(i.on_conn_params_update)
    on_conn_params_update                    0x0001ab69   Thumb Code    20  ble_conn_params.o(i.on_conn_params_update)
    i.on_connect                             0x0001ab80   Section        0  ble_conn_params.o(i.on_connect)
    on_connect                               0x0001ab81   Thumb Code    42  ble_conn_params.o(i.on_connect)
    i.on_connect                             0x0001abbc   Section        0  ble_nus.o(i.on_connect)
    on_connect                               0x0001abbd   Thumb Code     6  ble_nus.o(i.on_connect)
    i.on_cts_high                            0x0001abc4   Section        0  app_uart_fifo.o(i.on_cts_high)
    on_cts_high                              0x0001abc5   Thumb Code    36  app_uart_fifo.o(i.on_cts_high)
    i.on_cts_low                             0x0001abec   Section        0  app_uart_fifo.o(i.on_cts_low)
    on_cts_low                               0x0001abed   Thumb Code    66  app_uart_fifo.o(i.on_cts_low)
    i.on_disconnect                          0x0001ac40   Section        0  ble_conn_params.o(i.on_disconnect)
    on_disconnect                            0x0001ac41   Thumb Code    50  ble_conn_params.o(i.on_disconnect)
    i.on_disconnect                          0x0001ac84   Section        0  ble_nus.o(i.on_disconnect)
    on_disconnect                            0x0001ac85   Thumb Code     8  ble_nus.o(i.on_disconnect)
    i.on_tx_ready                            0x0001ac8c   Section        0  app_uart_fifo.o(i.on_tx_ready)
    on_tx_ready                              0x0001ac8d   Thumb Code    38  app_uart_fifo.o(i.on_tx_ready)
    i.on_uart_close                          0x0001acb8   Section        0  app_uart_fifo.o(i.on_uart_close)
    on_uart_close                            0x0001acb9   Thumb Code     8  app_uart_fifo.o(i.on_uart_close)
    i.on_uart_event                          0x0001acc0   Section        0  app_uart_fifo.o(i.on_uart_event)
    on_uart_event                            0x0001acc1   Thumb Code    54  app_uart_fifo.o(i.on_uart_event)
    i.on_uart_put                            0x0001acf8   Section        0  app_uart_fifo.o(i.on_uart_put)
    on_uart_put                              0x0001acf9   Thumb Code    16  app_uart_fifo.o(i.on_uart_put)
    i.on_write                               0x0001ad0c   Section        0  ble_conn_params.o(i.on_write)
    on_write                                 0x0001ad0d   Thumb Code    84  ble_conn_params.o(i.on_write)
    i.on_write                               0x0001ad68   Section        0  ble_nus.o(i.on_write)
    on_write                                 0x0001ad69   Thumb Code    84  ble_nus.o(i.on_write)
    i.pins_sense_disable                     0x0001adbc   Section        0  app_gpiote.o(i.pins_sense_disable)
    pins_sense_disable                       0x0001adbd   Thumb Code    98  app_gpiote.o(i.pins_sense_disable)
    i.power_manage                           0x0001ae24   Section        0  main.o(i.power_manage)
    power_manage                             0x0001ae25   Thumb Code    32  main.o(i.power_manage)
    i.rtc1_counter_get                       0x0001ae44   Section        0  app_timer.o(i.rtc1_counter_get)
    rtc1_counter_get                         0x0001ae45   Thumb Code     6  app_timer.o(i.rtc1_counter_get)
    i.rtc1_init                              0x0001ae50   Section        0  app_timer.o(i.rtc1_init)
    rtc1_init                                0x0001ae51   Thumb Code    18  app_timer.o(i.rtc1_init)
    i.rtc1_start                             0x0001ae68   Section        0  app_timer.o(i.rtc1_start)
    rtc1_start                               0x0001ae69   Thumb Code    48  app_timer.o(i.rtc1_start)
    i.rtc1_stop                              0x0001aea4   Section        0  app_timer.o(i.rtc1_stop)
    rtc1_stop                                0x0001aea5   Thumb Code   106  app_timer.o(i.rtc1_stop)
    i.rx_char_add                            0x0001af24   Section        0  ble_nus.o(i.rx_char_add)
    rx_char_add                              0x0001af25   Thumb Code   292  ble_nus.o(i.rx_char_add)
    i.sec_params_init                        0x0001b048   Section        0  main.o(i.sec_params_init)
    sec_params_init                          0x0001b049   Thumb Code    62  main.o(i.sec_params_init)
    i.sense_level_toggle                     0x0001b08c   Section        0  app_gpiote.o(i.sense_level_toggle)
    sense_level_toggle                       0x0001b08d   Thumb Code   128  app_gpiote.o(i.sense_level_toggle)
    i.service_data_encode                    0x0001b10c   Section        0  ble_advdata.o(i.service_data_encode)
    service_data_encode                      0x0001b10d   Thumb Code   140  ble_advdata.o(i.service_data_encode)
    i.services_init                          0x0001b198   Section        0  main.o(i.services_init)
    services_init                            0x0001b199   Thumb Code    46  main.o(i.services_init)
    i.softdevice_assertion_handler           0x0001b1d0   Section        0  softdevice_handler.o(i.softdevice_assertion_handler)
    i.softdevice_ble_evt_handler_set         0x0001b1e4   Section        0  softdevice_handler.o(i.softdevice_ble_evt_handler_set)
    i.softdevice_handler_init                0x0001b1fc   Section        0  softdevice_handler.o(i.softdevice_handler_init)
    i.srdata_check                           0x0001b264   Section        0  ble_advdata.o(i.srdata_check)
    srdata_check                             0x0001b265   Thumb Code    16  ble_advdata.o(i.srdata_check)
    i.ticks_diff_get                         0x0001b274   Section        0  app_timer.o(i.ticks_diff_get)
    ticks_diff_get                           0x0001b275   Thumb Code    10  app_timer.o(i.ticks_diff_get)
    i.timeout_handler_exec                   0x0001b280   Section        0  app_timer.o(i.timeout_handler_exec)
    timeout_handler_exec                     0x0001b281   Thumb Code    58  app_timer.o(i.timeout_handler_exec)
    i.timer_list_handler                     0x0001b2c0   Section        0  app_timer.o(i.timer_list_handler)
    timer_list_handler                       0x0001b2c1   Thumb Code    76  app_timer.o(i.timer_list_handler)
    i.timer_list_handler_sched               0x0001b318   Section        0  app_timer.o(i.timer_list_handler_sched)
    timer_list_handler_sched                 0x0001b319   Thumb Code    10  app_timer.o(i.timer_list_handler_sched)
    i.timer_list_insert                      0x0001b324   Section        0  app_timer.o(i.timer_list_insert)
    timer_list_insert                        0x0001b325   Thumb Code   212  app_timer.o(i.timer_list_insert)
    i.timer_list_remove                      0x0001b400   Section        0  app_timer.o(i.timer_list_remove)
    timer_list_remove                        0x0001b401   Thumb Code   184  app_timer.o(i.timer_list_remove)
    i.timer_start_op_schedule                0x0001b4cc   Section        0  app_timer.o(i.timer_start_op_schedule)
    timer_start_op_schedule                  0x0001b4cd   Thumb Code    80  app_timer.o(i.timer_start_op_schedule)
    i.timer_stop_op_schedule                 0x0001b520   Section        0  app_timer.o(i.timer_stop_op_schedule)
    timer_stop_op_schedule                   0x0001b521   Thumb Code    58  app_timer.o(i.timer_stop_op_schedule)
    i.timer_timeouts_check                   0x0001b560   Section        0  app_timer.o(i.timer_timeouts_check)
    timer_timeouts_check                     0x0001b561   Thumb Code   132  app_timer.o(i.timer_timeouts_check)
    i.timer_timeouts_check_sched             0x0001b5fc   Section        0  app_timer.o(i.timer_timeouts_check_sched)
    timer_timeouts_check_sched               0x0001b5fd   Thumb Code    10  app_timer.o(i.timer_timeouts_check_sched)
    i.tx_char_add                            0x0001b606   Section        0  ble_nus.o(i.tx_char_add)
    tx_char_add                              0x0001b607   Thumb Code   222  ble_nus.o(i.tx_char_add)
    i.tx_power_level_encode                  0x0001b6e4   Section        0  ble_advdata.o(i.tx_power_level_encode)
    tx_power_level_encode                    0x0001b6e5   Thumb Code    48  ble_advdata.o(i.tx_power_level_encode)
    i.uart_event_handle                      0x0001b714   Section        0  main.o(i.uart_event_handle)
    i.uart_init                              0x0001b7cc   Section        0  main.o(i.uart_init)
    uart_init                                0x0001b7cd   Thumb Code    86  main.o(i.uart_init)
    i.uart_no_flow_control_init              0x0001b834   Section        0  app_uart_fifo.o(i.uart_no_flow_control_init)
    uart_no_flow_control_init                0x0001b835   Thumb Code    50  app_uart_fifo.o(i.uart_no_flow_control_init)
    i.uart_standard_flow_control_init        0x0001b874   Section        0  app_uart_fifo.o(i.uart_standard_flow_control_init)
    uart_standard_flow_control_init          0x0001b875   Thumb Code    50  app_uart_fifo.o(i.uart_standard_flow_control_init)
    i.uint16_encode                          0x0001b8b4   Section        0  ble_advdata.o(i.uint16_encode)
    uint16_encode                            0x0001b8b5   Thumb Code    18  ble_advdata.o(i.uint16_encode)
    i.update_timeout_handler                 0x0001b8c8   Section        0  ble_conn_params.o(i.update_timeout_handler)
    update_timeout_handler                   0x0001b8c9   Thumb Code   136  ble_conn_params.o(i.update_timeout_handler)
    i.user_id_get                            0x0001b964   Section        0  app_timer.o(i.user_id_get)
    user_id_get                              0x0001b965   Thumb Code    34  app_timer.o(i.user_id_get)
    i.user_op_alloc                          0x0001b986   Section        0  app_timer.o(i.user_op_alloc)
    user_op_alloc                            0x0001b987   Thumb Code    44  app_timer.o(i.user_op_alloc)
    i.user_op_enque                          0x0001b9b2   Section        0  app_timer.o(i.user_op_enque)
    user_op_enque                            0x0001b9b3   Thumb Code     4  app_timer.o(i.user_op_enque)
    i.uuid_list_encode                       0x0001b9b6   Section        0  ble_advdata.o(i.uuid_list_encode)
    uuid_list_encode                         0x0001b9b7   Thumb Code    64  ble_advdata.o(i.uuid_list_encode)
    i.uuid_list_sized_encode                 0x0001b9f6   Section        0  ble_advdata.o(i.uuid_list_sized_encode)
    uuid_list_sized_encode                   0x0001b9f7   Thumb Code   196  ble_advdata.o(i.uuid_list_sized_encode)
    .constdata                               0x0001babc   Section       16  main.o(.constdata)
    .constdata                               0x0001bacc   Section       24  bsp.o(.constdata)
    m_buttons_list                           0x0001bacc   Data           8  bsp.o(.constdata)
    app_buttons                              0x0001bad4   Data          16  bsp.o(.constdata)
    .constdata                               0x0001bae4   Section       16  ble_nus.o(.constdata)
    .data                                    0x20002000   Section       50  main.o(.data)
    m_sec_params                             0x20002000   Data           5  main.o(.data)
    m_conn_handle                            0x20002006   Data           2  main.o(.data)
    index                                    0x20002031   Data           1  main.o(.data)
    .data                                    0x20002034   Section       26  bsp.o(.data)
    m_stable_state                           0x20002034   Data           1  bsp.o(.data)
    m_app_ticks_per_100ms                    0x20002038   Data           4  bsp.o(.data)
    m_indication_type                        0x2000203c   Data           4  bsp.o(.data)
    m_leds_timer_id                          0x20002040   Data           4  bsp.o(.data)
    m_alert_timer_id                         0x20002044   Data           4  bsp.o(.data)
    m_registered_callback                    0x20002048   Data           4  bsp.o(.data)
    m_events_list                            0x2000204c   Data           2  bsp.o(.data)
    .data                                    0x20002050   Section        4  system_nrf51.o(.data)
    __tagsym$$used                           0x20002050   Number         0  system_nrf51.o(.data)
    .data                                    0x20002054   Section       25  ble_conn_params.o(.data)
    m_preferred_conn_params                  0x20002054   Data           8  ble_conn_params.o(.data)
    m_update_count                           0x2000205c   Data           1  ble_conn_params.o(.data)
    m_conn_handle                            0x2000205e   Data           2  ble_conn_params.o(.data)
    m_current_conn_params                    0x20002060   Data           8  ble_conn_params.o(.data)
    m_conn_params_timer_id                   0x20002068   Data           4  ble_conn_params.o(.data)
    m_change_param                           0x2000206c   Data           1  ble_conn_params.o(.data)
    .data                                    0x20002070   Section       13  app_uart_fifo.o(.data)
    m_instance_counter                       0x20002070   Data           1  app_uart_fifo.o(.data)
    m_gpiote_uid                             0x20002071   Data           1  app_uart_fifo.o(.data)
    m_pin_cts_mask                           0x20002074   Data           4  app_uart_fifo.o(.data)
    m_event_handler                          0x20002078   Data           4  app_uart_fifo.o(.data)
    m_current_state                          0x2000207c   Data           1  app_uart_fifo.o(.data)
    .data                                    0x20002080   Section       28  app_button.o(.data)
    mp_buttons                               0x20002080   Data           4  app_button.o(.data)
    m_button_count                           0x20002084   Data           1  app_button.o(.data)
    m_detection_delay                        0x20002088   Data           4  app_button.o(.data)
    m_gpiote_user_id                         0x2000208c   Data           1  app_button.o(.data)
    m_detection_delay_timer_id               0x20002090   Data           4  app_button.o(.data)
    m_pin_transition                         0x20002094   Data           8  app_button.o(.data)
    .data                                    0x2000209c   Section       12  app_gpiote.o(.data)
    m_enabled_users_mask                     0x2000209c   Data           4  app_gpiote.o(.data)
    m_user_array_size                        0x200020a0   Data           1  app_gpiote.o(.data)
    m_user_count                             0x200020a1   Data           1  app_gpiote.o(.data)
    mp_users                                 0x200020a4   Data           4  app_gpiote.o(.data)
    .data                                    0x200020a8   Section       42  app_timer.o(.data)
    m_node_array_size                        0x200020a8   Data           1  app_timer.o(.data)
    mp_nodes                                 0x200020ac   Data           4  app_timer.o(.data)
    m_user_array_size                        0x200020b0   Data           1  app_timer.o(.data)
    mp_users                                 0x200020b4   Data           4  app_timer.o(.data)
    m_timer_id_head                          0x200020b8   Data           4  app_timer.o(.data)
    m_ticks_latest                           0x200020bc   Data           4  app_timer.o(.data)
    m_ticks_elapsed                          0x200020c0   Data           8  app_timer.o(.data)
    m_ticks_elapsed_q_read_ind               0x200020c8   Data           1  app_timer.o(.data)
    m_ticks_elapsed_q_write_ind              0x200020c9   Data           1  app_timer.o(.data)
    m_evt_schedule_func                      0x200020cc   Data           4  app_timer.o(.data)
    m_rtc1_running                           0x200020d0   Data           1  app_timer.o(.data)
    m_rtc1_reset                             0x200020d1   Data           1  app_timer.o(.data)
    .data                                    0x200020d4   Section       24  softdevice_handler.o(.data)
    m_evt_schedule_func                      0x200020d4   Data           4  softdevice_handler.o(.data)
    m_softdevice_enabled                     0x200020d8   Data           1  softdevice_handler.o(.data)
    mp_ble_evt_buffer                        0x200020dc   Data           4  softdevice_handler.o(.data)
    m_ble_evt_buffer_size                    0x200020e0   Data           2  softdevice_handler.o(.data)
    m_ble_evt_handler                        0x200020e4   Data           4  softdevice_handler.o(.data)
    m_sys_evt_handler                        0x200020e8   Data           4  softdevice_handler.o(.data)
    .data                                    0x200020ec   Section        4  strtok.o(.data)
    state                                    0x200020ec   Data           4  strtok.o(.data)
    .bss                                     0x200020f0   Section     1292  main.o(.bss)
    m_nus                                    0x200020f0   Data          28  main.o(.bss)
    s_sec_keyset                             0x2000210c   Data          24  main.o(.bss)
    BLE_EVT_BUFFER                           0x20002124   Data          72  main.o(.bss)
    data_array                               0x2000216c   Data          20  main.o(.bss)
    rx_buf                                   0x20002180   Data         256  main.o(.bss)
    tx_buf                                   0x20002280   Data         256  main.o(.bss)
    APP_TIMER_BUF                            0x20002380   Data         616  main.o(.bss)
    app_gpiote_buf                           0x200025e8   Data          20  main.o(.bss)
    .bss                                     0x200025fc   Section       28  ble_conn_params.o(.bss)
    m_conn_params_config                     0x200025fc   Data          28  ble_conn_params.o(.bss)
    .bss                                     0x20002618   Section       32  app_uart_fifo.o(.bss)
    m_rx_fifo                                0x20002618   Data          16  app_uart_fifo.o(.bss)
    m_tx_fifo                                0x20002628   Data          16  app_uart_fifo.o(.bss)
    STACK                                    0x20002638   Section     2048  arm_startup_nrf51.o(STACK)

    Global Symbols

    Symbol Name                              Value     Ov Type        Size  Object(Section)

    BuildAttributes$$THM_ISAv3M$S$PE$A:L22$X:L11$S22$IEEE1$IW$USESV6$~STKCKD$USESV7$~SHL$OSPACE$ROPI$EBA8$MICROLIB$REQ8$PRES8$EABIv2 0x00000000   Number         0  anon$$obj.o ABSOLUTE
    __ARM_use_no_argv                        0x00000000   Number         0  main.o ABSOLUTE
    _printf_a                                0x00000000   Number         0  stubs.o ABSOLUTE
    _printf_c                                0x00000000   Number         0  stubs.o ABSOLUTE
    _printf_charcount                        0x00000000   Number         0  stubs.o ABSOLUTE
    _printf_d                                0x00000000   Number         0  stubs.o ABSOLUTE
    _printf_e                                0x00000000   Number         0  stubs.o ABSOLUTE
    _printf_f                                0x00000000   Number         0  stubs.o ABSOLUTE
    _printf_flags                            0x00000000   Number         0  stubs.o ABSOLUTE
    _printf_fp_dec                           0x00000000   Number         0  stubs.o ABSOLUTE
    _printf_fp_hex                           0x00000000   Number         0  stubs.o ABSOLUTE
    _printf_g                                0x00000000   Number         0  stubs.o ABSOLUTE
    _printf_i                                0x00000000   Number         0  stubs.o ABSOLUTE
    _printf_int_dec                          0x00000000   Number         0  stubs.o ABSOLUTE
    _printf_l                                0x00000000   Number         0  stubs.o ABSOLUTE
    _printf_lc                               0x00000000   Number         0  stubs.o ABSOLUTE
    _printf_ll                               0x00000000   Number         0  stubs.o ABSOLUTE
    _printf_lld                              0x00000000   Number         0  stubs.o ABSOLUTE
    _printf_lli                              0x00000000   Number         0  stubs.o ABSOLUTE
    _printf_llo                              0x00000000   Number         0  stubs.o ABSOLUTE
    _printf_llu                              0x00000000   Number         0  stubs.o ABSOLUTE
    _printf_llx                              0x00000000   Number         0  stubs.o ABSOLUTE
    _printf_longlong_dec                     0x00000000   Number         0  stubs.o ABSOLUTE
    _printf_longlong_hex                     0x00000000   Number         0  stubs.o ABSOLUTE
    _printf_longlong_oct                     0x00000000   Number         0  stubs.o ABSOLUTE
    _printf_ls                               0x00000000   Number         0  stubs.o ABSOLUTE
    _printf_mbtowc                           0x00000000   Number         0  stubs.o ABSOLUTE
    _printf_n                                0x00000000   Number         0  stubs.o ABSOLUTE
    _printf_o                                0x00000000   Number         0  stubs.o ABSOLUTE
    _printf_p                                0x00000000   Number         0  stubs.o ABSOLUTE
    _printf_percent                          0x00000000   Number         0  stubs.o ABSOLUTE
    _printf_pre_padding                      0x00000000   Number         0  stubs.o ABSOLUTE
    _printf_return_value                     0x00000000   Number         0  stubs.o ABSOLUTE
    _printf_s                                0x00000000   Number         0  stubs.o ABSOLUTE
    _printf_sizespec                         0x00000000   Number         0  stubs.o ABSOLUTE
    _printf_str                              0x00000000   Number         0  stubs.o ABSOLUTE
    _printf_truncate_signed                  0x00000000   Number         0  stubs.o ABSOLUTE
    _printf_truncate_unsigned                0x00000000   Number         0  stubs.o ABSOLUTE
    _printf_u                                0x00000000   Number         0  stubs.o ABSOLUTE
    _printf_wc                               0x00000000   Number         0  stubs.o ABSOLUTE
    _printf_wctomb                           0x00000000   Number         0  stubs.o ABSOLUTE
    _printf_widthprec                        0x00000000   Number         0  stubs.o ABSOLUTE
    _printf_x                                0x00000000   Number         0  stubs.o ABSOLUTE
    __cpp_initialize__aeabi_                  - Undefined Weak Reference
    __cxa_finalize                            - Undefined Weak Reference
    __decompress                              - Undefined Weak Reference
    _clock_init                               - Undefined Weak Reference
    _microlib_exit                            - Undefined Weak Reference
    __Vectors_Size                           0x000000c0   Number         0  arm_startup_nrf51.o ABSOLUTE
    __Vectors                                0x00018000   Data           4  arm_startup_nrf51.o(RESET)
    __Vectors_End                            0x000180c0   Data           0  arm_startup_nrf51.o(RESET)
    __main                                   0x000180c1   Thumb Code     0  entry.o(.ARM.Collect$$$$00000000)
    _main_stk                                0x000180c1   Thumb Code     0  entry2.o(.ARM.Collect$$$$00000001)
    _main_scatterload                        0x000180c5   Thumb Code     0  entry5.o(.ARM.Collect$$$$00000004)
    __main_after_scatterload                 0x000180c9   Thumb Code     0  entry5.o(.ARM.Collect$$$$00000004)
    _main_clock                              0x000180c9   Thumb Code     0  entry7b.o(.ARM.Collect$$$$00000008)
    _main_cpp_init                           0x000180c9   Thumb Code     0  entry8b.o(.ARM.Collect$$$$0000000A)
    _main_init                               0x000180c9   Thumb Code     0  entry9a.o(.ARM.Collect$$$$0000000B)
    __rt_final_cpp                           0x000180d1   Thumb Code     0  entry10a.o(.ARM.Collect$$$$0000000D)
    __rt_final_exit                          0x000180d1   Thumb Code     0  entry11a.o(.ARM.Collect$$$$0000000F)
    __asm___11_app_timer_c_cd27f9c3__nrf_delay_us 0x000180d5   Thumb Code    30  app_timer.o(.emb_text)
    Reset_Handler                            0x000180f5   Thumb Code    26  arm_startup_nrf51.o(.text)
    NMI_Handler                              0x0001810f   Thumb Code     2  arm_startup_nrf51.o(.text)
    HardFault_Handler                        0x00018111   Thumb Code     2  arm_startup_nrf51.o(.text)
    SVC_Handler                              0x00018113   Thumb Code     2  arm_startup_nrf51.o(.text)
    PendSV_Handler                           0x00018115   Thumb Code     2  arm_startup_nrf51.o(.text)
    SysTick_Handler                          0x00018117   Thumb Code     2  arm_startup_nrf51.o(.text)
    ADC_IRQHandler                           0x00018119   Thumb Code     0  arm_startup_nrf51.o(.text)
    CCM_AAR_IRQHandler                       0x00018119   Thumb Code     0  arm_startup_nrf51.o(.text)
    ECB_IRQHandler                           0x00018119   Thumb Code     0  arm_startup_nrf51.o(.text)
    LPCOMP_IRQHandler                        0x00018119   Thumb Code     0  arm_startup_nrf51.o(.text)
    POWER_CLOCK_IRQHandler                   0x00018119   Thumb Code     0  arm_startup_nrf51.o(.text)
    QDEC_IRQHandler                          0x00018119   Thumb Code     0  arm_startup_nrf51.o(.text)
    RADIO_IRQHandler                         0x00018119   Thumb Code     0  arm_startup_nrf51.o(.text)
    RNG_IRQHandler                           0x00018119   Thumb Code     0  arm_startup_nrf51.o(.text)
    RTC0_IRQHandler                          0x00018119   Thumb Code     0  arm_startup_nrf51.o(.text)
    SPI0_TWI0_IRQHandler                     0x00018119   Thumb Code     0  arm_startup_nrf51.o(.text)
    SPI1_TWI1_IRQHandler                     0x00018119   Thumb Code     0  arm_startup_nrf51.o(.text)
    SWI1_IRQHandler                          0x00018119   Thumb Code     0  arm_startup_nrf51.o(.text)
    SWI3_IRQHandler                          0x00018119   Thumb Code     0  arm_startup_nrf51.o(.text)
    SWI4_IRQHandler                          0x00018119   Thumb Code     0  arm_startup_nrf51.o(.text)
    SWI5_IRQHandler                          0x00018119   Thumb Code     0  arm_startup_nrf51.o(.text)
    TEMP_IRQHandler                          0x00018119   Thumb Code     0  arm_startup_nrf51.o(.text)
    TIMER0_IRQHandler                        0x00018119   Thumb Code     0  arm_startup_nrf51.o(.text)
    TIMER1_IRQHandler                        0x00018119   Thumb Code     0  arm_startup_nrf51.o(.text)
    TIMER2_IRQHandler                        0x00018119   Thumb Code     0  arm_startup_nrf51.o(.text)
    WDT_IRQHandler                           0x00018119   Thumb Code     0  arm_startup_nrf51.o(.text)
    __aeabi_uidiv                            0x0001812d   Thumb Code     0  uidiv.o(.text)
    __aeabi_uidivmod                         0x0001812d   Thumb Code    44  uidiv.o(.text)
    __aeabi_memcpy                           0x00018159   Thumb Code    36  memcpya.o(.text)
    __aeabi_memcpy4                          0x00018159   Thumb Code     0  memcpya.o(.text)
    __aeabi_memcpy8                          0x00018159   Thumb Code     0  memcpya.o(.text)
    __aeabi_memset                           0x0001817d   Thumb Code    14  memseta.o(.text)
    __aeabi_memset4                          0x0001817d   Thumb Code     0  memseta.o(.text)
    __aeabi_memset8                          0x0001817d   Thumb Code     0  memseta.o(.text)
    __aeabi_memclr                           0x0001818b   Thumb Code     4  memseta.o(.text)
    __aeabi_memclr4                          0x0001818b   Thumb Code     0  memseta.o(.text)
    __aeabi_memclr8                          0x0001818b   Thumb Code     0  memseta.o(.text)
    _memset$wrapper                          0x0001818f   Thumb Code    18  memseta.o(.text)
    strlen                                   0x000181a1   Thumb Code    14  strlen.o(.text)
    strcmp                                   0x000181af   Thumb Code    28  strcmp.o(.text)
    strcpy                                   0x000181cb   Thumb Code    18  strcpy.o(.text)
    strncmp                                  0x000181dd   Thumb Code    30  strncmp.o(.text)
    strtok                                   0x000181fd   Thumb Code    68  strtok.o(.text)
    __scatterload                            0x00018245   Thumb Code    28  init.o(.text)
    __scatterload_rt2                        0x00018245   Thumb Code     0  init.o(.text)
    GPIOTE_IRQHandler                        0x000182c5   Thumb Code   200  app_gpiote.o(i.GPIOTE_IRQHandler)
    RTC1_IRQHandler                          0x000183a1   Thumb Code    34  app_timer.o(i.RTC1_IRQHandler)
    SWI0_IRQHandler                          0x000183c9   Thumb Code     8  app_timer.o(i.SWI0_IRQHandler)
    SWI2_IRQHandler                          0x000183d1   Thumb Code    50  softdevice_handler.o(i.SWI2_IRQHandler)
    SystemInit                               0x00018409   Thumb Code    76  system_nrf51.o(i.SystemInit)
    UART0_IRQHandler                         0x0001846d   Thumb Code   142  app_uart_fifo.o(i.UART0_IRQHandler)
    __0sprintf$2                             0x0001850d   Thumb Code    36  printf2.o(i.__0sprintf$2)
    __1sprintf$2                             0x0001850d   Thumb Code     0  printf2.o(i.__0sprintf$2)
    __2sprintf                               0x0001850d   Thumb Code     0  printf2.o(i.__0sprintf$2)
    __ARM_common_switch8                     0x00018535   Thumb Code    28  bsp.o(i.__ARM_common_switch8)
    __scatterload_copy                       0x00018701   Thumb Code    14  handlers.o(i.__scatterload_copy)
    __scatterload_null                       0x0001870f   Thumb Code     2  handlers.o(i.__scatterload_null)
    __scatterload_zeroinit                   0x00018711   Thumb Code    14  handlers.o(i.__scatterload_zeroinit)
    action_tx_stop                           0x0001886d   Thumb Code    28  app_uart_fifo.o(i.action_tx_stop)
    app_button_enable                        0x00018b1d   Thumb Code    24  app_button.o(i.app_button_enable)
    app_button_init                          0x00018b3d   Thumb Code   122  app_button.o(i.app_button_init)
    app_error_handler                        0x00018bd5   Thumb Code    48  app_error.o(i.app_error_handler)
    app_fifo_get                             0x00018c0d   Thumb Code    42  app_fifo.o(i.app_fifo_get)
    app_fifo_init                            0x00018c37   Thumb Code    42  app_fifo.o(i.app_fifo_init)
    app_fifo_put                             0x00018c61   Thumb Code    42  app_fifo.o(i.app_fifo_put)
    app_gpiote_init                          0x00018c8d   Thumb Code   134  app_gpiote.o(i.app_gpiote_init)
    app_gpiote_pins_state_get                0x00018d31   Thumb Code    52  app_gpiote.o(i.app_gpiote_pins_state_get)
    app_gpiote_user_enable                   0x00018d71   Thumb Code   226  app_gpiote.o(i.app_gpiote_user_enable)
    app_gpiote_user_register                 0x00018e6d   Thumb Code   138  app_gpiote.o(i.app_gpiote_user_register)
    app_timer_create                         0x00018f05   Thumb Code   108  app_timer.o(i.app_timer_create)
    app_timer_init                           0x00018f79   Thumb Code   204  app_timer.o(i.app_timer_init)
    app_timer_start                          0x00019069   Thumb Code    98  app_timer.o(i.app_timer_start)
    app_timer_stop                           0x000190d5   Thumb Code    60  app_timer.o(i.app_timer_stop)
    app_uart_get                             0x00019119   Thumb Code    14  app_uart_fifo.o(i.app_uart_get)
    app_uart_init                            0x0001912d   Thumb Code   530  app_uart_fifo.o(i.app_uart_init)
    app_uart_put                             0x00019375   Thumb Code    24  app_uart_fifo.o(i.app_uart_put)
    bleAdvHandler                            0x000193dd   Thumb Code   130  main.o(i.bleAdvHandler)
    ble_advdata_set                          0x00019475   Thumb Code   122  ble_advdata.o(i.ble_advdata_set)
    ble_conn_params_init                     0x000194f1   Thumb Code    90  ble_conn_params.o(i.ble_conn_params_init)
    ble_conn_params_on_ble_evt               0x00019569   Thumb Code    62  ble_conn_params.o(i.ble_conn_params_on_ble_evt)
    ble_nus_init                             0x000195c9   Thumb Code   128  ble_nus.o(i.ble_nus_init)
    ble_nus_on_ble_evt                       0x0001964d   Thumb Code    70  ble_nus.o(i.ble_nus_on_ble_evt)
    ble_nus_string_send                      0x00019695   Thumb Code    84  ble_nus.o(i.ble_nus_string_send)
    bsp_buttons_enable                       0x000197b9   Thumb Code   166  bsp.o(i.bsp_buttons_enable)
    bsp_event_to_button_assign               0x00019865   Thumb Code    18  bsp.o(i.bsp_event_to_button_assign)
    bsp_indication_set                       0x0001987d   Thumb Code    30  bsp.o(i.bsp_indication_set)
    bsp_init                                 0x000198a1   Thumb Code   146  bsp.o(i.bsp_init)
    intern_softdevice_events_execute         0x0001a395   Thumb Code   168  softdevice_handler.o(i.intern_softdevice_events_execute)
    main                                     0x0001a781   Thumb Code   192  main.o(i.main)
    softdevice_assertion_handler             0x0001b1d1   Thumb Code    18  softdevice_handler.o(i.softdevice_assertion_handler)
    softdevice_ble_evt_handler_set           0x0001b1e5   Thumb Code    18  softdevice_handler.o(i.softdevice_ble_evt_handler_set)
    softdevice_handler_init                  0x0001b1fd   Thumb Code    84  softdevice_handler.o(i.softdevice_handler_init)
    uart_event_handle                        0x0001b715   Thumb Code   170  main.o(i.uart_event_handle)
    Region$$Table$$Base                      0x0001baf4   Number         0  anon$$obj.o(Region$$Table)
    Region$$Table$$Limit                     0x0001bb14   Number         0  anon$$obj.o(Region$$Table)
    ReadSN_Passed                            0x20002008   Data           1  main.o(.data)
    DeviceName                               0x20002009   Data          31  main.o(.data)
    DeviceSN                                 0x20002028   Data           8  main.o(.data)
    CageStatus                               0x20002030   Data           1  main.o(.data)
    SystemCoreClock                          0x20002050   Data           4  system_nrf51.o(.data)
    __initial_sp                             0x20002e38   Data           0  arm_startup_nrf51.o(STACK)



==============================================================================

Memory Map of the image

  Image Entry point : 0x000180c1

  Load Region LR_IROM1 (Base: 0x00018000, Size: 0x00003c04, Max: 0x0000f000, ABSOLUTE)

    Execution Region ER_IROM1 (Exec base: 0x00018000, Load base: 0x00018000, Size: 0x00003b14, Max: 0x0000f000, ABSOLUTE)

    Exec Addr    Load Addr    Size         Type   Attr      Idx    E Section Name        Object

    0x00018000   0x00018000   0x000000c0   Data   RO          381    RESET               arm_startup_nrf51.o
    0x000180c0   0x000180c0   0x00000000   Code   RO         1542  * .ARM.Collect$$$$00000000  mc_p.l(entry.o)
    0x000180c0   0x000180c0   0x00000004   Code   RO         1828    .ARM.Collect$$$$00000001  mc_p.l(entry2.o)
    0x000180c4   0x000180c4   0x00000004   Code   RO         1831    .ARM.Collect$$$$00000004  mc_p.l(entry5.o)
    0x000180c8   0x000180c8   0x00000000   Code   RO         1833    .ARM.Collect$$$$00000008  mc_p.l(entry7b.o)
    0x000180c8   0x000180c8   0x00000000   Code   RO         1835    .ARM.Collect$$$$0000000A  mc_p.l(entry8b.o)
    0x000180c8   0x000180c8   0x00000008   Code   RO         1836    .ARM.Collect$$$$0000000B  mc_p.l(entry9a.o)
    0x000180d0   0x000180d0   0x00000000   Code   RO         1838    .ARM.Collect$$$$0000000D  mc_p.l(entry10a.o)
    0x000180d0   0x000180d0   0x00000000   Code   RO         1840    .ARM.Collect$$$$0000000F  mc_p.l(entry11a.o)
    0x000180d0   0x000180d0   0x00000004   Code   RO         1829    .ARM.Collect$$$$00002712  mc_p.l(entry2.o)
    0x000180d4   0x000180d4   0x0000001e   Code   RO         1215    .emb_text           app_timer.o
    0x000180f2   0x000180f2   0x00000002   PAD
    0x000180f4   0x000180f4   0x00000038   Code   RO          382    .text               arm_startup_nrf51.o
    0x0001812c   0x0001812c   0x0000002c   Code   RO         1545    .text               mc_p.l(uidiv.o)
    0x00018158   0x00018158   0x00000024   Code   RO         1547    .text               mc_p.l(memcpya.o)
    0x0001817c   0x0001817c   0x00000024   Code   RO         1549    .text               mc_p.l(memseta.o)
    0x000181a0   0x000181a0   0x0000000e   Code   RO         1551    .text               mc_p.l(strlen.o)
    0x000181ae   0x000181ae   0x0000001c   Code   RO         1553    .text               mc_p.l(strcmp.o)
    0x000181ca   0x000181ca   0x00000012   Code   RO         1555    .text               mc_p.l(strcpy.o)
    0x000181dc   0x000181dc   0x0000001e   Code   RO         1557    .text               mc_p.l(strncmp.o)
    0x000181fa   0x000181fa   0x00000002   PAD
    0x000181fc   0x000181fc   0x00000048   Code   RO         1559    .text               mc_p.l(strtok.o)
    0x00018244   0x00018244   0x00000024   Code   RO         1855    .text               mc_p.l(init.o)
    0x00018268   0x00018268   0x0000005c   Code   RO            3    i.ChangeBLE_AdvName  main.o
    0x000182c4   0x000182c4   0x000000dc   Code   RO         1142    i.GPIOTE_IRQHandler  app_gpiote.o
    0x000183a0   0x000183a0   0x00000028   Code   RO         1216    i.RTC1_IRQHandler   app_timer.o
    0x000183c8   0x000183c8   0x00000008   Code   RO         1217    i.SWI0_IRQHandler   app_timer.o
    0x000183d0   0x000183d0   0x00000038   Code   RO         1483    i.SWI2_IRQHandler   softdevice_handler.o
    0x00018408   0x00018408   0x00000064   Code   RO          389    i.SystemInit        system_nrf51.o
    0x0001846c   0x0001846c   0x000000a0   Code   RO          791    i.UART0_IRQHandler  app_uart_fifo.o
    0x0001850c   0x0001850c   0x00000028   Code   RO         1636    i.__0sprintf$2      mc_p.l(printf2.o)
    0x00018534   0x00018534   0x0000001c   Code   RO          358    i.__ARM_common_switch8  bsp.o
    0x00018550   0x00018550   0x00000018   Code   RO         1218    i.__NVIC_ClearPendingIRQ  app_timer.o
    0x00018568   0x00018568   0x00000018   Code   RO         1219    i.__NVIC_EnableIRQ  app_timer.o
    0x00018580   0x00018580   0x00000018   Code   RO         1220    i.__NVIC_SetPendingIRQ  app_timer.o
    0x00018598   0x00018598   0x00000078   Code   RO          792    i.__NVIC_SetPriority  app_uart_fifo.o
    0x00018610   0x00018610   0x00000078   Code   RO         1143    i.__NVIC_SetPriority  app_gpiote.o
    0x00018688   0x00018688   0x00000078   Code   RO         1221    i.__NVIC_SetPriority  app_timer.o
    0x00018700   0x00018700   0x0000000e   Code   RO         1869    i.__scatterload_copy  mc_p.l(handlers.o)
    0x0001870e   0x0001870e   0x00000002   Code   RO         1870    i.__scatterload_null  mc_p.l(handlers.o)
    0x00018710   0x00018710   0x0000000e   Code   RO         1871    i.__scatterload_zeroinit  mc_p.l(handlers.o)
    0x0001871e   0x0001871e   0x000000d2   Code   RO         1641    i._printf_core      mc_p.l(printf2.o)
    0x000187f0   0x000187f0   0x0000000a   Code   RO         1643    i._sputc            mc_p.l(printf2.o)
    0x000187fa   0x000187fa   0x00000002   PAD
    0x000187fc   0x000187fc   0x0000001c   Code   RO          793    i.action_tx_ready   app_uart_fifo.o
    0x00018818   0x00018818   0x00000054   Code   RO          794    i.action_tx_send    app_uart_fifo.o
    0x0001886c   0x0001886c   0x00000028   Code   RO          795    i.action_tx_stop    app_uart_fifo.o
    0x00018894   0x00018894   0x00000024   Code   RO          796    i.action_uart_deactivate  app_uart_fifo.o
    0x000188b8   0x000188b8   0x00000136   Code   RO          433    i.adv_data_encode   ble_advdata.o
    0x000189ee   0x000189ee   0x00000014   Code   RO          434    i.advdata_check     ble_advdata.o
    0x00018a02   0x00018a02   0x00000002   PAD
    0x00018a04   0x00018a04   0x00000090   Code   RO            5    i.advertising_init  main.o
    0x00018a94   0x00018a94   0x00000064   Code   RO            6    i.advertising_start  main.o
    0x00018af8   0x00018af8   0x00000024   Code   RO          284    i.alert_timer_handler  bsp.o
    0x00018b1c   0x00018b1c   0x00000020   Code   RO         1012    i.app_button_enable  app_button.o
    0x00018b3c   0x00018b3c   0x00000098   Code   RO         1013    i.app_button_init   app_button.o
    0x00018bd4   0x00018bd4   0x00000038   Code   RO         1081    i.app_error_handler  app_error.o
    0x00018c0c   0x00018c0c   0x0000002a   Code   RO         1103    i.app_fifo_get      app_fifo.o
    0x00018c36   0x00018c36   0x0000002a   Code   RO         1104    i.app_fifo_init     app_fifo.o
    0x00018c60   0x00018c60   0x0000002a   Code   RO         1105    i.app_fifo_put      app_fifo.o
    0x00018c8a   0x00018c8a   0x00000002   PAD
    0x00018c8c   0x00018c8c   0x000000a4   Code   RO         1144    i.app_gpiote_init   app_gpiote.o
    0x00018d30   0x00018d30   0x00000040   Code   RO         1145    i.app_gpiote_pins_state_get  app_gpiote.o
    0x00018d70   0x00018d70   0x000000fc   Code   RO         1147    i.app_gpiote_user_enable  app_gpiote.o
    0x00018e6c   0x00018e6c   0x00000098   Code   RO         1148    i.app_gpiote_user_register  app_gpiote.o
    0x00018f04   0x00018f04   0x00000074   Code   RO         1224    i.app_timer_create  app_timer.o
    0x00018f78   0x00018f78   0x000000f0   Code   RO         1225    i.app_timer_init    app_timer.o
    0x00019068   0x00019068   0x0000006c   Code   RO         1226    i.app_timer_start   app_timer.o
    0x000190d4   0x000190d4   0x00000044   Code   RO         1227    i.app_timer_stop    app_timer.o
    0x00019118   0x00019118   0x00000014   Code   RO          799    i.app_uart_get      app_uart_fifo.o
    0x0001912c   0x0001912c   0x00000248   Code   RO          801    i.app_uart_init     app_uart_fifo.o
    0x00019374   0x00019374   0x0000001c   Code   RO          802    i.app_uart_put      app_uart_fifo.o
    0x00019390   0x00019390   0x0000004a   Code   RO          435    i.appearance_encode  ble_advdata.o
    0x000193da   0x000193da   0x00000002   PAD
    0x000193dc   0x000193dc   0x00000098   Code   RO            8    i.bleAdvHandler     main.o
    0x00019474   0x00019474   0x0000007a   Code   RO          436    i.ble_advdata_set   ble_advdata.o
    0x000194ee   0x000194ee   0x00000002   PAD
    0x000194f0   0x000194f0   0x00000078   Code   RO          532    i.ble_conn_params_init  ble_conn_params.o
    0x00019568   0x00019568   0x0000003e   Code   RO          533    i.ble_conn_params_on_ble_evt  ble_conn_params.o
    0x000195a6   0x000195a6   0x00000002   PAD
    0x000195a8   0x000195a8   0x00000020   Code   RO            9    i.ble_evt_dispatch  main.o
    0x000195c8   0x000195c8   0x00000084   Code   RO          718    i.ble_nus_init      ble_nus.o
    0x0001964c   0x0001964c   0x00000046   Code   RO          719    i.ble_nus_on_ble_evt  ble_nus.o
    0x00019692   0x00019692   0x00000002   PAD
    0x00019694   0x00019694   0x00000058   Code   RO          720    i.ble_nus_string_send  ble_nus.o
    0x000196ec   0x000196ec   0x00000080   Code   RO           10    i.ble_stack_init    main.o
    0x0001976c   0x0001976c   0x0000004c   Code   RO          285    i.bsp_button_event_handler  bsp.o
    0x000197b8   0x000197b8   0x000000ac   Code   RO          287    i.bsp_buttons_enable  bsp.o
    0x00019864   0x00019864   0x00000018   Code   RO          289    i.bsp_event_to_button_assign  bsp.o
    0x0001987c   0x0001987c   0x00000024   Code   RO          290    i.bsp_indication_set  bsp.o
    0x000198a0   0x000198a0   0x000000bc   Code   RO          292    i.bsp_init          bsp.o
    0x0001995c   0x0001995c   0x000004c0   Code   RO          293    i.bsp_led_indication  bsp.o
    0x00019e1c   0x00019e1c   0x00000020   Code   RO         1015    i.button_handler_execute  app_button.o
    0x00019e3c   0x00019e3c   0x00000090   Code   RO         1229    i.compare_reg_update  app_timer.o
    0x00019ecc   0x00019ecc   0x0000005c   Code   RO          437    i.conn_int_check    ble_advdata.o
    0x00019f28   0x00019f28   0x0000005c   Code   RO          438    i.conn_int_encode   ble_advdata.o
    0x00019f84   0x00019f84   0x00000014   Code   RO           11    i.conn_params_error_handler  main.o
    0x00019f98   0x00019f98   0x0000005c   Code   RO           12    i.conn_params_init  main.o
    0x00019ff4   0x00019ff4   0x00000094   Code   RO          535    i.conn_params_negotiation  ble_conn_params.o
    0x0001a088   0x0001a088   0x0000005c   Code   RO         1230    i.current_int_priority_get  app_timer.o
    0x0001a0e4   0x0001a0e4   0x000000a0   Code   RO         1016    i.detection_delay_timeout_handler  app_button.o
    0x0001a184   0x0001a184   0x00000064   Code   RO         1231    i.elapsed_ticks_acquire  app_timer.o
    0x0001a1e8   0x0001a1e8   0x0000006c   Code   RO         1232    i.expired_timers_handler  app_timer.o
    0x0001a254   0x0001a254   0x0000000a   Code   RO          803    i.fifo_length       app_uart_fifo.o
    0x0001a25e   0x0001a25e   0x0000000a   Code   RO         1106    i.fifo_length       app_fifo.o
    0x0001a268   0x0001a268   0x00000088   Code   RO           13    i.gap_params_init   main.o
    0x0001a2f0   0x0001a2f0   0x00000040   Code   RO         1017    i.gpiote_event_handler  app_button.o
    0x0001a330   0x0001a330   0x00000064   Code   RO          804    i.gpiote_uart_event_handler  app_uart_fifo.o
    0x0001a394   0x0001a394   0x000000bc   Code   RO         1484    i.intern_softdevice_events_execute  softdevice_handler.o
    0x0001a450   0x0001a450   0x00000024   Code   RO          536    i.is_conn_params_ok  ble_conn_params.o
    0x0001a474   0x0001a474   0x00000038   Code   RO          390    i.is_disabled_in_debug_needed  system_nrf51.o
    0x0001a4ac   0x0001a4ac   0x0000006c   Code   RO          391    i.is_manual_peripheral_setup_needed  system_nrf51.o
    0x0001a518   0x0001a518   0x00000054   Code   RO          392    i.is_peripheral_domain_setup_needed  system_nrf51.o
    0x0001a56c   0x0001a56c   0x00000024   Code   RO          294    i.leds_timer_handler  bsp.o
    0x0001a590   0x0001a590   0x000000c0   Code   RO         1233    i.list_deletions_handler  app_timer.o
    0x0001a650   0x0001a650   0x00000130   Code   RO         1234    i.list_insertions_handler  app_timer.o
    0x0001a780   0x0001a780   0x000000cc   Code   RO           14    i.main              main.o
    0x0001a84c   0x0001a84c   0x0000006a   Code   RO          439    i.manuf_specific_data_encode  ble_advdata.o
    0x0001a8b6   0x0001a8b6   0x00000096   Code   RO          440    i.name_encode       ble_advdata.o
    0x0001a94c   0x0001a94c   0x00000012   Code   RO          805    i.nrf_gpio_cfg_output  app_uart_fifo.o
    0x0001a95e   0x0001a95e   0x0000002c   Code   RO           15    i.nus_data_handler  main.o
    0x0001a98a   0x0001a98a   0x00000002   PAD
    0x0001a98c   0x0001a98c   0x000001a8   Code   RO           16    i.on_ble_evt        main.o
    0x0001ab34   0x0001ab34   0x00000034   Code   RO           17    i.on_conn_params_evt  main.o
    0x0001ab68   0x0001ab68   0x00000018   Code   RO          537    i.on_conn_params_update  ble_conn_params.o
    0x0001ab80   0x0001ab80   0x0000003c   Code   RO          538    i.on_connect        ble_conn_params.o
    0x0001abbc   0x0001abbc   0x00000006   Code   RO          721    i.on_connect        ble_nus.o
    0x0001abc2   0x0001abc2   0x00000002   PAD
    0x0001abc4   0x0001abc4   0x00000028   Code   RO          806    i.on_cts_high       app_uart_fifo.o
    0x0001abec   0x0001abec   0x00000054   Code   RO          807    i.on_cts_low        app_uart_fifo.o
    0x0001ac40   0x0001ac40   0x00000044   Code   RO          539    i.on_disconnect     ble_conn_params.o
    0x0001ac84   0x0001ac84   0x00000008   Code   RO          722    i.on_disconnect     ble_nus.o
    0x0001ac8c   0x0001ac8c   0x0000002c   Code   RO          808    i.on_tx_ready       app_uart_fifo.o
    0x0001acb8   0x0001acb8   0x00000008   Code   RO          809    i.on_uart_close     app_uart_fifo.o
    0x0001acc0   0x0001acc0   0x00000036   Code   RO          810    i.on_uart_event     app_uart_fifo.o
    0x0001acf6   0x0001acf6   0x00000002   PAD
    0x0001acf8   0x0001acf8   0x00000014   Code   RO          811    i.on_uart_put       app_uart_fifo.o
    0x0001ad0c   0x0001ad0c   0x0000005c   Code   RO          540    i.on_write          ble_conn_params.o
    0x0001ad68   0x0001ad68   0x00000054   Code   RO          723    i.on_write          ble_nus.o
    0x0001adbc   0x0001adbc   0x00000068   Code   RO         1149    i.pins_sense_disable  app_gpiote.o
    0x0001ae24   0x0001ae24   0x00000020   Code   RO           18    i.power_manage      main.o
    0x0001ae44   0x0001ae44   0x0000000c   Code   RO         1235    i.rtc1_counter_get  app_timer.o
    0x0001ae50   0x0001ae50   0x00000018   Code   RO         1236    i.rtc1_init         app_timer.o
    0x0001ae68   0x0001ae68   0x0000003c   Code   RO         1237    i.rtc1_start        app_timer.o
    0x0001aea4   0x0001aea4   0x00000080   Code   RO         1238    i.rtc1_stop         app_timer.o
    0x0001af24   0x0001af24   0x00000124   Code   RO          724    i.rx_char_add       ble_nus.o
    0x0001b048   0x0001b048   0x00000044   Code   RO           19    i.sec_params_init   main.o
    0x0001b08c   0x0001b08c   0x00000080   Code   RO         1150    i.sense_level_toggle  app_gpiote.o
    0x0001b10c   0x0001b10c   0x0000008c   Code   RO          441    i.service_data_encode  ble_advdata.o
    0x0001b198   0x0001b198   0x00000038   Code   RO           20    i.services_init     main.o
    0x0001b1d0   0x0001b1d0   0x00000012   Code   RO         1485    i.softdevice_assertion_handler  softdevice_handler.o
    0x0001b1e2   0x0001b1e2   0x00000002   PAD
    0x0001b1e4   0x0001b1e4   0x00000018   Code   RO         1486    i.softdevice_ble_evt_handler_set  softdevice_handler.o
    0x0001b1fc   0x0001b1fc   0x00000068   Code   RO         1487    i.softdevice_handler_init  softdevice_handler.o
    0x0001b264   0x0001b264   0x00000010   Code   RO          442    i.srdata_check      ble_advdata.o
    0x0001b274   0x0001b274   0x0000000a   Code   RO         1239    i.ticks_diff_get    app_timer.o
    0x0001b27e   0x0001b27e   0x00000002   PAD
    0x0001b280   0x0001b280   0x00000040   Code   RO         1240    i.timeout_handler_exec  app_timer.o
    0x0001b2c0   0x0001b2c0   0x00000058   Code   RO         1241    i.timer_list_handler  app_timer.o
    0x0001b318   0x0001b318   0x0000000a   Code   RO         1242    i.timer_list_handler_sched  app_timer.o
    0x0001b322   0x0001b322   0x00000002   PAD
    0x0001b324   0x0001b324   0x000000dc   Code   RO         1243    i.timer_list_insert  app_timer.o
    0x0001b400   0x0001b400   0x000000cc   Code   RO         1244    i.timer_list_remove  app_timer.o
    0x0001b4cc   0x0001b4cc   0x00000054   Code   RO         1245    i.timer_start_op_schedule  app_timer.o
    0x0001b520   0x0001b520   0x00000040   Code   RO         1247    i.timer_stop_op_schedule  app_timer.o
    0x0001b560   0x0001b560   0x0000009c   Code   RO         1248    i.timer_timeouts_check  app_timer.o
    0x0001b5fc   0x0001b5fc   0x0000000a   Code   RO         1249    i.timer_timeouts_check_sched  app_timer.o
    0x0001b606   0x0001b606   0x000000de   Code   RO          725    i.tx_char_add       ble_nus.o
    0x0001b6e4   0x0001b6e4   0x00000030   Code   RO          443    i.tx_power_level_encode  ble_advdata.o
    0x0001b714   0x0001b714   0x000000b8   Code   RO           21    i.uart_event_handle  main.o
    0x0001b7cc   0x0001b7cc   0x00000068   Code   RO           22    i.uart_init         main.o
    0x0001b834   0x0001b834   0x00000040   Code   RO          812    i.uart_no_flow_control_init  app_uart_fifo.o
    0x0001b874   0x0001b874   0x00000040   Code   RO          813    i.uart_standard_flow_control_init  app_uart_fifo.o
    0x0001b8b4   0x0001b8b4   0x00000012   Code   RO          444    i.uint16_encode     ble_advdata.o
    0x0001b8c6   0x0001b8c6   0x00000002   PAD
    0x0001b8c8   0x0001b8c8   0x0000009c   Code   RO          541    i.update_timeout_handler  ble_conn_params.o
    0x0001b964   0x0001b964   0x00000022   Code   RO         1250    i.user_id_get       app_timer.o
    0x0001b986   0x0001b986   0x0000002c   Code   RO         1251    i.user_op_alloc     app_timer.o
    0x0001b9b2   0x0001b9b2   0x00000004   Code   RO         1252    i.user_op_enque     app_timer.o
    0x0001b9b6   0x0001b9b6   0x00000040   Code   RO          445    i.uuid_list_encode  ble_advdata.o
    0x0001b9f6   0x0001b9f6   0x000000c4   Code   RO          446    i.uuid_list_sized_encode  ble_advdata.o
    0x0001baba   0x0001baba   0x00000002   PAD
    0x0001babc   0x0001babc   0x00000010   Data   RO           24    .constdata          main.o
    0x0001bacc   0x0001bacc   0x00000018   Data   RO          295    .constdata          bsp.o
    0x0001bae4   0x0001bae4   0x00000010   Data   RO          726    .constdata          ble_nus.o
    0x0001baf4   0x0001baf4   0x00000020   Data   RO         1867    Region$$Table       anon$$obj.o


    Execution Region RW_IRAM1 (Exec base: 0x20002000, Load base: 0x0001bb14, Size: 0x00000e38, Max: 0x00002000, ABSOLUTE)

    Exec Addr    Load Addr    Size         Type   Attr      Idx    E Section Name        Object

    0x20002000   0x0001bb14   0x00000032   Data   RW           25    .data               main.o
    0x20002032   0x0001bb46   0x00000002   PAD
    0x20002034   0x0001bb48   0x0000001a   Data   RW          296    .data               bsp.o
    0x2000204e   0x0001bb62   0x00000002   PAD
    0x20002050   0x0001bb64   0x00000004   Data   RW          393    .data               system_nrf51.o
    0x20002054   0x0001bb68   0x00000019   Data   RW          543    .data               ble_conn_params.o
    0x2000206d   0x0001bb81   0x00000003   PAD
    0x20002070   0x0001bb84   0x0000000d   Data   RW          815    .data               app_uart_fifo.o
    0x2000207d   0x0001bb91   0x00000003   PAD
    0x20002080   0x0001bb94   0x0000001c   Data   RW         1018    .data               app_button.o
    0x2000209c   0x0001bbb0   0x0000000c   Data   RW         1151    .data               app_gpiote.o
    0x200020a8   0x0001bbbc   0x0000002a   Data   RW         1253    .data               app_timer.o
    0x200020d2   0x0001bbe6   0x00000002   PAD
    0x200020d4   0x0001bbe8   0x00000018   Data   RW         1490    .data               softdevice_handler.o
    0x200020ec   0x0001bc00   0x00000004   Data   RW         1560    .data               mc_p.l(strtok.o)
    0x200020f0        -       0x0000050c   Zero   RW           23    .bss                main.o
    0x200025fc        -       0x0000001c   Zero   RW          542    .bss                ble_conn_params.o
    0x20002618        -       0x00000020   Zero   RW          814    .bss                app_uart_fifo.o
    0x20002638        -       0x00000800   Zero   RW          379    STACK               arm_startup_nrf51.o


==============================================================================

Image component sizes


      Code (inc. data)   RO Data    RW Data    ZI Data      Debug   Object Name

       440         66          0         28          0      10762   app_button.o
        56          8          0          0          0       9144   app_error.o
       136          0          0          0          0       3758   app_fifo.o
      1204        118          0         12          0       9430   app_gpiote.o
      2958        320          0         42          0      36011   app_timer.o
      1606        220          0         13         32      26530   app_uart_fifo.o
        56         18        192          0       2048        692   arm_startup_nrf51.o
      1448          4          0          0          0      28130   ble_advdata.o
       766        126          0         25         28      15024   ble_conn_params.o
       902          8         16          0          0       7870   ble_nus.o
      1812        166         24         26          0      12058   bsp.o
      2064        178         16         50       1292      85718   main.o
       390         52          0         24          0       6287   softdevice_handler.o
       348         38          0          4          0       2567   system_nrf51.o

    ----------------------------------------------------------------------
     14216       1322        280        236       3400     253981   Object Totals
         0          0         32          0          0          0   (incl. Generated)
        30          0          0         12          0          0   (incl. Padding)

    ----------------------------------------------------------------------

      Code (inc. data)   RO Data    RW Data    ZI Data      Debug   Library Member Name

         0          0          0          0          0          0   entry.o
         0          0          0          0          0          0   entry10a.o
         0          0          0          0          0          0   entry11a.o
         8          4          0          0          0          0   entry2.o
         4          0          0          0          0          0   entry5.o
         0          0          0          0          0          0   entry7b.o
         0          0          0          0          0          0   entry8b.o
         8          4          0          0          0          0   entry9a.o
        30          0          0          0          0          0   handlers.o
        36          8          0          0          0         68   init.o
        36          0          0          0          0         60   memcpya.o
        36          0          0          0          0        100   memseta.o
       260          4          0          0          0        228   printf2.o
        28          0          0          0          0         68   strcmp.o
        18          0          0          0          0         60   strcpy.o
        14          0          0          0          0         60   strlen.o
        30          0          0          0          0         72   strncmp.o
        72          4          0          4          0         72   strtok.o
        44          0          0          0          0         72   uidiv.o

    ----------------------------------------------------------------------
       628         24          0          4          0        860   Library Totals
         4          0          0          0          0          0   (incl. Padding)

    ----------------------------------------------------------------------

      Code (inc. data)   RO Data    RW Data    ZI Data      Debug   Library Name

       624         24          0          4          0        860   mc_p.l

    ----------------------------------------------------------------------
       628         24          0          4          0        860   Library Totals

    ----------------------------------------------------------------------

==============================================================================


      Code (inc. data)   RO Data    RW Data    ZI Data      Debug   

     14844       1346        280        240       3400     248561   Grand Totals
     14844       1346        280        240       3400     248561   ELF Image Totals
     14844       1346        280        240          0          0   ROM Totals

==============================================================================

    Total RO  Size (Code + RO Data)                15124 (  14.77kB)
    Total RW  Size (RW Data + ZI Data)              3640 (   3.55kB)
    Total ROM Size (Code + RO Data + RW Data)      15364 (  15.00kB)

==============================================================================

